e: file:///C:/Users/HP/Devin1/VidyaPrayag/composeApp/src/commonMain/kotlin/com/littlebridge/enrollplus/ui/v2/screens/school/AcademicYearManagementScreenV2.kt:139:35 Cannot infer type for this parameter. Specify it explicitly.
e: file:///C:/Users/HP/Devin1/VidyaPrayag/composeApp/src/commonMain/kotlin/com/littlebridge/enrollplus/ui/v2/screens/school/AcademicYearManagementScreenV2.kt:141:21 Unresolved reference 'YearCard'.
e: file:///C:/Users/HP/Devin1/VidyaPrayag/composeApp/src/commonMain/kotlin/com/littlebridge/enrollplus/ui/v2/screens/school/AcademicYearManagementScreenV2.kt:148:25 Unresolved reference 'YearCard'.
e: file:///C:/Users/HP/Devin1/VidyaPrayag/composeApp/src/commonMain/kotlin/com/littlebridge/enrollplus/ui/v2/screens/school/AcademicYearManagementScreenV2.kt:163:1 Modifier 'private' is not applicable to 'local function'.
e: file:///C:/Users/HP/Devin1/VidyaPrayag/composeApp/src/commonMain/kotlin/com/littlebridge/enrollplus/ui/v2/screens/school/AcademicYearManagementScreenV2.kt:211:2 Syntax error: Expecting '}'.
e: file:///C:/Users/HP/Devin1/VidyaPrayag/composeApp/src/commonMain/kotlin/com/littlebridge/enrollplus/ui/v2/screens/school/SchoolPeopleScreenV2.kt:485:5 Unresolved reference 'PeopleCreamCard'.
e: file:///C:/Users/HP/Devin1/VidyaPrayag/composeApp/src/commonMain/kotlin/com/littlebridge/enrollplus/ui/v2/screens/school/SchoolPeopleScreenV2.kt:486:9 @Composable invocations can only happen from the context of a @Composable function
e: file:///C:/Users/HP/Devin1/VidyaPrayag/composeApp/src/commonMain/kotlin/com/littlebridge/enrollplus/ui/v2/screens/school/SchoolPeopleScreenV2.kt:808:13 Unresolved reference 'PeopleCreamCard'.
e: file:///C:/Users/HP/Devin1/VidyaPrayag/composeApp/src/commonMain/kotlin/com/littlebridge/enrollplus/ui/v2/screens/school/SchoolPeopleScreenV2.kt:809:17 @Composable invocations can only happen from the context of a @Composable function
e: file:///C:/Users/HP/Devin1/VidyaPrayag/composeApp/src/commonMain/kotlin/com/littlebridge/enrollplus/ui/v2/screens/school/SchoolPeopleScreenV2.kt:809:22 @Composable invocations can only happen from the context of a @Composable function
e: file:///C:/Users/HP/Devin1/VidyaPrayag/composeApp/src/commonMain/kotlin/com/littlebridge/enrollplus/ui/v2/screens/school/SchoolPeopleScreenV2.kt:810:17 @Composable invocations can only happen from the context of a @Composable function
e: file:///C:/Users/HP/Devin1/VidyaPrayag/composeApp/src/commonMain/kotlin/com/littlebridge/enrollplus/ui/v2/screens/school/SchoolPeopleScreenV2.kt:811:17 @Composable invocations can only happen from the context of a @Composable function
e: file:///C:/Users/HP/Devin1/VidyaPrayag/composeApp/src/commonMain/kotlin/com/littlebridge/enrollplus/ui/v2/screens/school/SchoolPeopleScreenV2.kt:826:17 Unresolved reference 'PeopleCreamCard'.
e: file:///C:/Users/HP/Devin1/VidyaPrayag/composeApp/src/commonMain/kotlin/com/littlebridge/enrollplus/ui/v2/screens/school/SchoolPeopleScreenV2.kt:827:21 @Composable invocations can only happen from the context of a @Composable function
e: file:///C:/Users/HP/Devin1/VidyaPrayag/composeApp/src/commonMain/kotlin/com/littlebridge/enrollplus/ui/v2/screens/school/SchoolPeopleScreenV2.kt:827:26 @Composable invocations can only happen from the context of a @Composable function
e: file:///C:/Users/HP/Devin1/VidyaPrayag/composeApp/src/commonMain/kotlin/com/littlebridge/enrollplus/ui/v2/screens/school/SchoolPeopleScreenV2.kt:828:21 @Composable invocations can only happen from the context of a @Composable function
e: file:///C:/Users/HP/Devin1/VidyaPrayag/composeApp/src/commonMain/kotlin/com/littlebridge/enrollplus/ui/v2/screens/school/SchoolPeopleScreenV2.kt:829:21 @Composable invocations can only happen from the context of a @Composable function
e: file:///C:/Users/HP/Devin1/VidyaPrayag/composeApp/src/commonMain/kotlin/com/littlebridge/enrollplus/ui/v2/screens/school/SchoolPeopleScreenV2.kt:851:17 Unresolved reference 'PeopleCreamCard'.
e: file:///C:/Users/HP/Devin1/VidyaPrayag/composeApp/src/commonMain/kotlin/com/littlebridge/enrollplus/ui/v2/screens/school/SchoolPeopleScreenV2.kt:852:21 @Composable invocations can only happen from the context of a @Composable function
e: file:///C:/Users/HP/Devin1/VidyaPrayag/composeApp/src/commonMain/kotlin/com/littlebridge/enrollplus/ui/v2/screens/school/SchoolPeopleScreenV2.kt:852:26 @Composable invocations can only happen from the context of a @Composable function
e: file:///C:/Users/HP/Devin1/VidyaPrayag/composeApp/src/commonMain/kotlin/com/littlebridge/enrollplus/ui/v2/screens/school/SchoolPeopleScreenV2.kt:853:21 @Composable invocations can only happen from the context of a @Composable function
e: file:///C:/Users/HP/Devin1/VidyaPrayag/composeApp/src/commonMain/kotlin/com/littlebridge/enrollplus/ui/v2/screens/school/SchoolPeopleScreenV2.kt:854:21 @Composable invocations can only happen from the context of a @Composable function
e: file:///C:/Users/HP/Devin1/VidyaPrayag/composeApp/src/commonMain/kotlin/com/littlebridge/enrollplus/ui/v2/screens/school/SchoolPeopleScreenV2.kt:877:13 Unresolved reference 'PeopleCreamCard'.
e: file:///C:/Users/HP/Devin1/VidyaPrayag/composeApp/src/commonMain/kotlin/com/littlebridge/enrollplus/ui/v2/screens/school/SchoolPeopleScreenV2.kt:878:17 @Composable invocations can only happen from the context of a @Composable function
e: file:///C:/Users/HP/Devin1/VidyaPrayag/composeApp/src/commonMain/kotlin/com/littlebridge/enrollplus/ui/v2/screens/school/SchoolPeopleScreenV2.kt:878:22 @Composable invocations can only happen from the context of a @Composable function
e: file:///C:/Users/HP/Devin1/VidyaPrayag/composeApp/src/commonMain/kotlin/com/littlebridge/enrollplus/ui/v2/screens/school/SchoolPeopleScreenV2.kt:879:17 @Composable invocations can only happen from the context of a @Composable function
e: file:///C:/Users/HP/Devin1/VidyaPrayag/composeApp/src/commonMain/kotlin/com/littlebridge/enrollplus/ui/v2/screens/school/SchoolPeopleScreenV2.kt:880:17 @Composable invocations can only happen from the context of a @Composable function
e: file:///C:/Users/HP/Devin1/VidyaPrayag/composeApp/src/commonMain/kotlin/com/littlebridge/enrollplus/ui/v2/screens/school/SchoolPeopleScreenV2.kt:881:21 @Composable invocations can only happen from the context of a @Composable function
e: file:///C:/Users/HP/Devin1/VidyaPrayag/composeApp/src/commonMain/kotlin/com/littlebridge/enrollplus/ui/v2/screens/school/SchoolPeopleScreenV2.kt:885:17 @Composable invocations can only happen from the context of a @Composable function
e: file:///C:/Users/HP/Devin1/VidyaPrayag/composeApp/src/commonMain/kotlin/com/littlebridge/enrollplus/ui/v2/screens/school/SchoolPeopleScreenV2.kt:886:17 @Composable invocations can only happen from the context of a @Composable function
e: file:///C:/Users/HP/Devin1/VidyaPrayag/composeApp/src/commonMain/kotlin/com/littlebridge/enrollplus/ui/v2/screens/school/SchoolPeopleScreenV2.kt:889:29 @Composable invocations can only happen from the context of a @Composable function
e: file:///C:/Users/HP/Devin1/VidyaPrayag/composeApp/src/commonMain/kotlin/com/littlebridge/enrollplus/ui/v2/screens/school/SchoolPeopleScreenV2.kt:893:17 @Composable invocations can only happen from the context of a @Composable function
e: file:///C:/Users/HP/Devin1/VidyaPrayag/composeApp/src/commonMain/kotlin/com/littlebridge/enrollplus/ui/v2/screens/school/SchoolPeopleScreenV2.kt:894:17 @Composable invocations can only happen from the context of a @Composable function
e: file:///C:/Users/HP/Devin1/VidyaPrayag/composeApp/src/commonMain/kotlin/com/littlebridge/enrollplus/ui/v2/screens/school/SchoolPeopleScreenV2.kt:995:5 Unresolved reference 'PeopleCreamCard'.
e: file:///C:/Users/HP/Devin1/VidyaPrayag/composeApp/src/commonMain/kotlin/com/littlebridge/enrollplus/ui/v2/screens/school/SchoolPeopleScreenV2.kt:996:9 @Composable invocations can only happen from the context of a @Composable function
e: file:///C:/Users/HP/Devin1/VidyaPrayag/composeApp/src/commonMain/kotlin/com/littlebridge/enrollplus/ui/v2/screens/school/SchoolPeopleScreenV2.kt:1035:9 Unresolved reference 'PeopleCreamCard'.
e: file:///C:/Users/HP/Devin1/VidyaPrayag/composeApp/src/commonMain/kotlin/com/littlebridge/enrollplus/ui/v2/screens/school/SchoolPeopleScreenV2.kt:1036:13 @Composable invocations can only happen from the context of a @Composable function
e: file:///C:/Users/HP/Devin1/VidyaPrayag/composeApp/src/commonMain/kotlin/com/littlebridge/enrollplus/ui/v2/screens/school/SchoolPeopleScreenV2.kt:1114:9 Unresolved reference 'PeopleCreamCard'.
e: file:///C:/Users/HP/Devin1/VidyaPrayag/composeApp/src/commonMain/kotlin/com/littlebridge/enrollplus/ui/v2/screens/school/SchoolPeopleScreenV2.kt:1115:13 @Composable invocations can only happen from the context of a @Composable function
e: file:///C:/Users/HP/Devin1/VidyaPrayag/composeApp/src/commonMain/kotlin/com/littlebridge/enrollplus/ui/v2/screens/school/SchoolPeopleScreenV2.kt:1201:9 Unresolved reference 'PeopleCreamCard'.
e: file:///C:/Users/HP/Devin1/VidyaPrayag/composeApp/src/commonMain/kotlin/com/littlebridge/enrollplus/ui/v2/screens/school/SchoolPeopleScreenV2.kt:1202:13 @Composable invocations can only happen from the context of a @Composable function
e: file:///C:/Users/HP/Devin1/VidyaPrayag/composeApp/src/commonMain/kotlin/com/littlebridge/enrollplus/ui/v2/screens/school/SchoolPeopleScreenV2.kt:1259:9 Unresolved reference 'PeopleCreamCard'.
e: file:///C:/Users/HP/Devin1/VidyaPrayag/composeApp/src/commonMain/kotlin/com/littlebridge/enrollplus/ui/v2/screens/school/SchoolPeopleScreenV2.kt:1260:13 @Composable invocations can only happen from the context of a @Composable function
e: file:///C:/Users/HP/Devin1/VidyaPrayag/composeApp/src/commonMain/kotlin/com/littlebridge/enrollplus/ui/v2/screens/school/SchoolPeopleScreenV2.kt:1324:5 Unresolved reference 'PeopleCreamCard'.
e: file:///C:/Users/HP/Devin1/VidyaPrayag/composeApp/src/commonMain/kotlin/com/littlebridge/enrollplus/ui/v2/screens/school/SchoolPeopleScreenV2.kt:1325:9 @Composable invocations can only happen from the context of a @Composable function
e: file:///C:/Users/HP/Devin1/VidyaPrayag/composeApp/src/commonMain/kotlin/com/littlebridge/enrollplus/ui/v2/screens/school/TeacherAssignmentManagementScreen.kt:239:69 Unresolved reference 'FontWeight'.
e: file:///C:/Users/HP/Devin1/VidyaPrayag/composeApp/src/commonMain/kotlin/com/littlebridge/enrollplus/ui/v2/screens/school/TeacherAssignmentManagementScreen.kt:239:104 Unresolved reference 'sp'.
e: file:///C:/Users/HP/Devin1/VidyaPrayag/composeApp/src/commonMain/kotlin/com/littlebridge/enrollplus/ui/v2/screens/school/TeacherAssignmentManagementScreen.kt:240:74 Unresolved reference 'FontWeight'.
e: file:///C:/Users/HP/Devin1/VidyaPrayag/composeApp/src/commonMain/kotlin/com/littlebridge/enrollplus/ui/v2/screens/school/TeacherAssignmentManagementScreen.kt:281:53 Unresolved reference 'h4'.
e: file:///C:/Users/HP/Devin1/VidyaPrayag/composeApp/src/commonMain/kotlin/com/littlebridge/enrollplus/ui/v2/screens/school/TeacherAssignmentManagementScreen.kt:406:101 Unresolved reference 'FontWeight'.
e: file:///C:/Users/HP/Devin1/VidyaPrayag/composeApp/src/commonMain/kotlin/com/littlebridge/enrollplus/ui/v2/screens/school/TeacherAssignmentManagementScreen.kt:497:93 Unresolved reference 'FontWeight'.
