To honour the JVM settings for this build a single-use Daemon process will be forked. For more on this, please refer to https://docs.gradle.org/9.4.1/userguide/gradle_daemon.html#sec:disabling_the_daemon in the Gradle documentation.
Daemon will be stopped at the end of the build 
Type-safe project accessors is an incubating feature.

> Configure project :composeApp
WARNING: The option setting 'android.usesSdkInManifest.disallowed=false' is deprecated.
The current default is 'true'.
It will be removed in version 10.0 of the Android Gradle plugin.
WARNING: The option setting 'android.sdk.defaultTargetSdkToCompileSdkIfUnset=false' is deprecated.
The current default is 'true'.
It will be removed in version 10.0 of the Android Gradle plugin.
WARNING: The option setting 'android.enableAppCompileTimeRClass=false' is deprecated.
The current default is 'true'.
It will be removed in version 10.0 of the Android Gradle plugin.
WARNING: The option setting 'android.builtInKotlin=false' is deprecated.
The current default is 'true'.
It will be removed in version 10.0 of the Android Gradle plugin.
WARNING: The option setting 'android.newDsl=false' is deprecated.
The current default is 'true'.
It will be removed in version 10.0 of the Android Gradle plugin.
WARNING: The option setting 'android.r8.optimizedResourceShrinking=false' is deprecated.
The current default is 'true'.
It will be removed in version 10.0 of the Android Gradle plugin.
WARNING: The option setting 'android.defaults.buildfeatures.resvalues=true' is deprecated.
The current default is 'false'.
It will be removed in version 10.0 of the Android Gradle plugin.
[VidyaPrayag] dev flavor baseUrl = http://127.0.0.1:8080
WARNING: API 'applicationVariants' is obsolete and has been replaced with 'AndroidComponentsExtension'.
It will be removed in version 10.0 of the Android Gradle plugin.
The legacy variant API is disabled by default in AGP 9.0, but can be re-enabled by adding 
    android.newDsl=false
to this project's gradle.properties file.
For more information, see http://developer.android.com/build/r/new-dsl.

To determine what is calling applicationVariants, use -Pandroid.debug.obsoleteApi=true on the command line to display more information.
WARNING: API 'testVariants' is obsolete and has been replaced with 'AndroidComponentsExtension'.
It will be removed in version 10.0 of the Android Gradle plugin.
The legacy variant API is disabled by default in AGP 9.0, but can be re-enabled by adding 
    android.newDsl=false
to this project's gradle.properties file.
For more information, see http://developer.android.com/build/r/new-dsl.

To determine what is calling testVariants, use -Pandroid.debug.obsoleteApi=true on the command line to display more information.
WARNING: API 'unitTestVariants' is obsolete and has been replaced with 'AndroidComponentsExtension'.
It will be removed in version 10.0 of the Android Gradle plugin.
The legacy variant API is disabled by default in AGP 9.0, but can be re-enabled by adding 
    android.newDsl=false
to this project's gradle.properties file.
For more information, see http://developer.android.com/build/r/new-dsl.

To determine what is calling unitTestVariants, use -Pandroid.debug.obsoleteApi=true on the command line to display more information.
WARNING: The property android.dependency.excludeLibraryComponentsFromConstraints improves project import performance for very large projects. It should be enabled to improve performance.
To suppress this warning, add android.generateSyncIssueWhenLibraryConstraintsAreEnabled=false to gradle.properties
WARNING: The property android.dependency.excludeLibraryComponentsFromConstraints improves project import performance for very large projects. It should be enabled to improve performance.
To suppress this warning, add android.generateSyncIssueWhenLibraryConstraintsAreEnabled=false to gradle.properties
WARNING: The property android.dependency.excludeLibraryComponentsFromConstraints improves project import performance for very large projects. It should be enabled to improve performance.
To suppress this warning, add android.generateSyncIssueWhenLibraryConstraintsAreEnabled=false to gradle.properties
WARNING: The property android.dependency.excludeLibraryComponentsFromConstraints improves project import performance for very large projects. It should be enabled to improve performance.
To suppress this warning, add android.generateSyncIssueWhenLibraryConstraintsAreEnabled=false to gradle.properties
WARNING: The property android.dependency.excludeLibraryComponentsFromConstraints improves project import performance for very large projects. It should be enabled to improve performance.
To suppress this warning, add android.generateSyncIssueWhenLibraryConstraintsAreEnabled=false to gradle.properties
WARNING: The property android.dependency.excludeLibraryComponentsFromConstraints improves project import performance for very large projects. It should be enabled to improve performance.
To suppress this warning, add android.generateSyncIssueWhenLibraryConstraintsAreEnabled=false to gradle.properties
WARNING: The property android.dependency.excludeLibraryComponentsFromConstraints improves project import performance for very large projects. It should be enabled to improve performance.
To suppress this warning, add android.generateSyncIssueWhenLibraryConstraintsAreEnabled=false to gradle.properties
WARNING: The property android.dependency.excludeLibraryComponentsFromConstraints improves project import performance for very large projects. It should be enabled to improve performance.
To suppress this warning, add android.generateSyncIssueWhenLibraryConstraintsAreEnabled=false to gradle.properties
WARNING: The property android.dependency.excludeLibraryComponentsFromConstraints improves project import performance for very large projects. It should be enabled to improve performance.
To suppress this warning, add android.generateSyncIssueWhenLibraryConstraintsAreEnabled=false to gradle.properties
WARNING: The property android.dependency.excludeLibraryComponentsFromConstraints improves project import performance for very large projects. It should be enabled to improve performance.
To suppress this warning, add android.generateSyncIssueWhenLibraryConstraintsAreEnabled=false to gradle.properties
WARNING: The property android.dependency.excludeLibraryComponentsFromConstraints improves project import performance for very large projects. It should be enabled to improve performance.
To suppress this warning, add android.generateSyncIssueWhenLibraryConstraintsAreEnabled=false to gradle.properties
WARNING: The property android.dependency.excludeLibraryComponentsFromConstraints improves project import performance for very large projects. It should be enabled to improve performance.
To suppress this warning, add android.generateSyncIssueWhenLibraryConstraintsAreEnabled=false to gradle.properties
w: Deprecated 'Android Style' Source Directory
Usage of 'Android Style' source directory composeApp\src\androidTest\kotlin is deprecated.
Use composeApp\src\androidInstrumentedTest\kotlin instead.

To suppress this warning: put the following in your gradle.properties:
kotlin.mpp.androidSourceSetLayoutV2AndroidStyleDirs.nowarn=true
Solution: Please migrate to the new source directory: composeApp\src\androidInstrumentedTest\kotlin
Learn more: https://kotl.in/android-source-set-layout-v2

w: Disabled Kotlin/Native Targets
The following Kotlin/Native targets cannot be built on this machine and are disabled:
iosArm64, iosSimulatorArm64
Solution: To hide this message, add 'kotlin.native.ignoreDisabledTargets=true' to the Gradle properties.

w: Kotlin/Native and Kotlin Versions Incompatible
'2.1.0' Kotlin/Native is being used with an newer '2.2.10' Kotlin.
Solution: Please adjust versions to avoid incompatibilities.


> Configure project :shared
[VidyaPrayag] dev flavor baseUrl = http://127.0.0.1:8080
WARNING: API 'libraryVariants' is obsolete and has been replaced with 'AndroidComponentsExtension'.
It will be removed in version 10.0 of the Android Gradle plugin.
The legacy variant API is disabled by default in AGP 9.0, but can be re-enabled by adding 
    android.newDsl=false
to this project's gradle.properties file.
For more information, see http://developer.android.com/build/r/new-dsl.

To determine what is calling libraryVariants, use -Pandroid.debug.obsoleteApi=true on the command line to display more information.
WARNING: The property android.dependency.excludeLibraryComponentsFromConstraints improves project import performance for very large projects. It should be enabled to improve performance.
To suppress this warning, add android.generateSyncIssueWhenLibraryConstraintsAreEnabled=false to gradle.properties
WARNING: The property android.dependency.excludeLibraryComponentsFromConstraints improves project import performance for very large projects. It should be enabled to improve performance.
To suppress this warning, add android.generateSyncIssueWhenLibraryConstraintsAreEnabled=false to gradle.properties
WARNING: The property android.dependency.excludeLibraryComponentsFromConstraints improves project import performance for very large projects. It should be enabled to improve performance.
To suppress this warning, add android.generateSyncIssueWhenLibraryConstraintsAreEnabled=false to gradle.properties
WARNING: The property android.dependency.excludeLibraryComponentsFromConstraints improves project import performance for very large projects. It should be enabled to improve performance.
To suppress this warning, add android.generateSyncIssueWhenLibraryConstraintsAreEnabled=false to gradle.properties
WARNING: The property android.dependency.excludeLibraryComponentsFromConstraints improves project import performance for very large projects. It should be enabled to improve performance.
To suppress this warning, add android.generateSyncIssueWhenLibraryConstraintsAreEnabled=false to gradle.properties
WARNING: The property android.dependency.excludeLibraryComponentsFromConstraints improves project import performance for very large projects. It should be enabled to improve performance.
To suppress this warning, add android.generateSyncIssueWhenLibraryConstraintsAreEnabled=false to gradle.properties
WARNING: The property android.dependency.excludeLibraryComponentsFromConstraints improves project import performance for very large projects. It should be enabled to improve performance.
To suppress this warning, add android.generateSyncIssueWhenLibraryConstraintsAreEnabled=false to gradle.properties
WARNING: The property android.dependency.excludeLibraryComponentsFromConstraints improves project import performance for very large projects. It should be enabled to improve performance.
To suppress this warning, add android.generateSyncIssueWhenLibraryConstraintsAreEnabled=false to gradle.properties
WARNING: The property android.dependency.excludeLibraryComponentsFromConstraints improves project import performance for very large projects. It should be enabled to improve performance.
To suppress this warning, add android.generateSyncIssueWhenLibraryConstraintsAreEnabled=false to gradle.properties
WARNING: The property android.dependency.excludeLibraryComponentsFromConstraints improves project import performance for very large projects. It should be enabled to improve performance.
To suppress this warning, add android.generateSyncIssueWhenLibraryConstraintsAreEnabled=false to gradle.properties
WARNING: The property android.dependency.excludeLibraryComponentsFromConstraints improves project import performance for very large projects. It should be enabled to improve performance.
To suppress this warning, add android.generateSyncIssueWhenLibraryConstraintsAreEnabled=false to gradle.properties
WARNING: The property android.dependency.excludeLibraryComponentsFromConstraints improves project import performance for very large projects. It should be enabled to improve performance.
To suppress this warning, add android.generateSyncIssueWhenLibraryConstraintsAreEnabled=false to gradle.properties
w: Disabled Kotlin/Native Targets
The following Kotlin/Native targets cannot be built on this machine and are disabled:
iosArm64, iosSimulatorArm64
Solution: To hide this message, add 'kotlin.native.ignoreDisabledTargets=true' to the Gradle properties.

w: Kotlin/Native and Kotlin Versions Incompatible
'2.1.0' Kotlin/Native is being used with an newer '2.2.10' Kotlin.
Solution: Please adjust versions to avoid incompatibilities.

w: Default Kotlin Hierarchy Template Not Applied Correctly
The Default Kotlin Hierarchy Template was not applied to 'project ':shared'':
Explicit .dependsOn() edges were configured for the following source sets:
[androidMain, iosArm64Main, iosSimulatorArm64Main, jvmMain, roomMain]

Consider removing dependsOn-calls or disabling the default template by adding
    'kotlin.mpp.applyDefaultHierarchyTemplate=false'
to your gradle.properties
Solution: Please remove the dependsOn-calls or disable the default template.
Learn more about hierarchy templates: https://kotl.in/hierarchy-template

w: Unused Kotlin Source Sets
The Kotlin source set iosMain was configured but not added to any Kotlin compilation.
Solution: You can add a source set to a target's compilation by connecting it with the compilation's default source set using 'dependsOn'.
See https://kotl.in/connecting-source-sets


> Task :composeApp:checkKotlinGradlePluginConfigurationErrors SKIPPED
> Task :composeApp:convertXmlValueResourcesForAndroidMain NO-SOURCE
> Task :composeApp:copyNonXmlValueResourcesForAndroidMain NO-SOURCE
> Task :composeApp:prepareComposeResourcesTaskForAndroidMain NO-SOURCE
> Task :composeApp:generateResourceAccessorsForAndroidMain NO-SOURCE
> Task :composeApp:convertXmlValueResourcesForCommonMain
> Task :composeApp:copyNonXmlValueResourcesForCommonMain
> Task :composeApp:prepareComposeResourcesTaskForCommonMain
> Task :composeApp:generateResourceAccessorsForCommonMain
> Task :composeApp:generateActualResourceCollectorsForAndroidMain
> Task :composeApp:generateComposeResClass
> Task :composeApp:preBuild UP-TO-DATE
> Task :composeApp:preDevDebugBuild UP-TO-DATE
> Task :composeApp:generateDevDebugBuildConfig
> Task :composeApp:generateExpectResourceCollectorsForCommonMain
> Task :composeApp:convertXmlValueResourcesForAndroidDebug NO-SOURCE
> Task :composeApp:copyNonXmlValueResourcesForAndroidDebug NO-SOURCE
> Task :composeApp:prepareComposeResourcesTaskForAndroidDebug NO-SOURCE
> Task :composeApp:generateResourceAccessorsForAndroidDebug NO-SOURCE
> Task :composeApp:convertXmlValueResourcesForAndroidDev NO-SOURCE
> Task :composeApp:copyNonXmlValueResourcesForAndroidDev NO-SOURCE
> Task :composeApp:prepareComposeResourcesTaskForAndroidDev NO-SOURCE
> Task :composeApp:generateResourceAccessorsForAndroidDev NO-SOURCE
> Task :composeApp:convertXmlValueResourcesForAndroidDevDebug NO-SOURCE
> Task :composeApp:copyNonXmlValueResourcesForAndroidDevDebug NO-SOURCE
> Task :composeApp:prepareComposeResourcesTaskForAndroidDevDebug NO-SOURCE
> Task :composeApp:generateResourceAccessorsForAndroidDevDebug NO-SOURCE
> Task :shared:preBuild UP-TO-DATE
> Task :shared:preDevDebugBuild UP-TO-DATE
> Task :composeApp:generateDevDebugResValues
> Task :shared:writeDevDebugAarMetadata
> Task :composeApp:processDevDebugGoogleServices
> Task :composeApp:checkDevDebugAarMetadata
> Task :composeApp:mapDevDebugSourceSetPaths
> Task :shared:processDevDebugNavigationResources
> Task :composeApp:processDevDebugNavigationResources
> Task :composeApp:compileDevDebugNavigationResources
> Task :composeApp:generateDevDebugResources
> Task :shared:generateDevDebugResValues
> Task :shared:generateDevDebugResources
> Task :shared:packageDevDebugResources
> Task :composeApp:copyDevDebugComposeResourcesToAndroidAssets
> Task :composeApp:packageDevDebugResources
> Task :composeApp:createDevDebugCompatibleScreenManifests
> Task :composeApp:extractDeepLinksDevDebug
> Task :shared:extractDeepLinksDevDebug
> Task :shared:mapDevDebugSourceSetPaths
> Task :shared:compileDevDebugLibraryResources
> Task :shared:checkKotlinGradlePluginConfigurationErrors SKIPPED
> Task :shared:generateDevDebugBuildConfig
> Task :shared:parseDevDebugLocalResources
> Task :shared:javaPreCompileDevDebug
> Task :composeApp:parseDevDebugLocalResources
> Task :shared:processDevDebugManifest
> Task :composeApp:mergeDevDebugResources
> Task :shared:generateDevDebugRFile
> Task :composeApp:processDevDebugMainManifest
> Task :composeApp:processDevDebugManifest
> Task :composeApp:processDevDebugManifestForPackage
> Task :composeApp:processDevDebugResources

> Task :shared:kspDevDebugKotlinAndroid
w: [ksp] C:/Users/HP/Devin1/VidyaPrayag/shared/src/roomMain/kotlin/com/littlebridge/enrollplus/core/database/AppDatabase.kt:39: Schema export directory was not provided to the annotation processor so Room cannot export the schema. You can either provide `room.schemaLocation` annotation processor argument by applying the Room Gradle plugin (id 'androidx.room') OR set exportSchema to false.

> Task :shared:compileDevDebugKotlinAndroid
> Task :shared:compileDevDebugJavaWithJavac
> Task :shared:bundleLibCompileToJarDevDebug

> Task :composeApp:compileDevDebugKotlinAndroid
.\gradlew.bat : e: file:///C:/Users/HP/Devin1/VidyaPrayag/composeApp/src/commonMain/kotlin/com/littlebridge/enrollplus/ui/v2/screens/parent/ParentAcademicsScreenV2.kt:352:36 Unresolved 
reference 'TimetableTab'.
At line:1 char:1
+ .\gradlew.bat :composeApp:compileDevDebugKotlinAndroid --no-daemon -- ...
+ ~~~~~~~~~~~~~~~~~~~~~~~~~~~~~~~~~~~~~~~~~~~~~~~~~~~~~~~~~~~~~~~~~~~~~
    + CategoryInfo          : NotSpecified: (e: file:///C:/U...'TimetableTab'.:String) [], RemoteException
    + FullyQualifiedErrorId : NativeCommandError
 
e: file:///C:/Users/HP/Devin1/VidyaPrayag/composeApp/src/commonMain/kotlin/com/littlebridge/enrollplus/ui/v2/screens/parent/ParentAcademicsScreenV2.kt:388:9 Unresolved reference 'LoadingState'.
e: file:///C:/Users/HP/Devin1/VidyaPrayag/composeApp/src/commonMain/kotlin/com/littlebridge/enrollplus/ui/v2/screens/parent/ParentAcademicsScreenV2.kt:392:9 Unresolved reference 'ErrorState'.
e: file:///C:/Users/HP/Devin1/VidyaPrayag/composeApp/src/commonMain/kotlin/com/littlebridge/enrollplus/ui/v2/screens/parent/ParentAcademicsScreenV2.kt:402:9 Unresolved reference 'EmptyState'.
e: file:///C:/Users/HP/Devin1/VidyaPrayag/composeApp/src/commonMain/kotlin/com/littlebridge/enrollplus/ui/v2/screens/parent/ParentAcademicsScreenV2.kt:429:9 Unresolved reference 'SectionLabel'.
e: file:///C:/Users/HP/Devin1/VidyaPrayag/composeApp/src/commonMain/kotlin/com/littlebridge/enrollplus/ui/v2/screens/parent/ParentAcademicsScreenV2.kt:430:23 Unresolved reference 
'subjectPalette'.
e: file:///C:/Users/HP/Devin1/VidyaPrayag/composeApp/src/commonMain/kotlin/com/littlebridge/enrollplus/ui/v2/screens/parent/ParentAcademicsScreenV2.kt:433:34 Argument type mismatch: actual type 
is 'MatchGroup?', but 'Color' was expected.
e: file:///C:/Users/HP/Devin1/VidyaPrayag/composeApp/src/commonMain/kotlin/com/littlebridge/enrollplus/ui/v2/screens/parent/ParentAcademicsScreenV2.kt:439:9 Unresolved reference 'SectionLabel'.
e: file:///C:/Users/HP/Devin1/VidyaPrayag/composeApp/src/commonMain/kotlin/com/littlebridge/enrollplus/ui/v2/screens/parent/ParentAcademicsScreenV2.kt:448:9 Unresolved reference 'SectionLabel'.
e: file:///C:/Users/HP/Devin1/VidyaPrayag/composeApp/src/commonMain/kotlin/com/littlebridge/enrollplus/ui/v2/screens/parent/ParentAcademicsScreenV2.kt:453:5 Unresolved reference 'SectionLabel'.
e: file:///C:/Users/HP/Devin1/VidyaPrayag/composeApp/src/commonMain/kotlin/com/littlebridge/enrollplus/ui/v2/screens/parent/ParentAcademicsScreenV2.kt:517:13 Unresolved reference 'SimpleAvatar'.
e: file:///C:/Users/HP/Devin1/VidyaPrayag/composeApp/src/commonMain/kotlin/com/littlebridge/enrollplus/ui/v2/screens/parent/ParentAcademicsScreenV2.kt:527:21 Unresolved reference 'MiniBadge'.
e: file:///C:/Users/HP/Devin1/VidyaPrayag/composeApp/src/commonMain/kotlin/com/littlebridge/enrollplus/ui/v2/screens/parent/ParentAcademicsScreenV2.kt:628:5 Unresolved reference 'CreamCard'.
e: file:///C:/Users/HP/Devin1/VidyaPrayag/composeApp/src/commonMain/kotlin/com/littlebridge/enrollplus/ui/v2/screens/parent/ParentAcademicsScreenV2.kt:629:9 @Composable invocations can only 
happen from the context of a @Composable function
e: file:///C:/Users/HP/Devin1/VidyaPrayag/composeApp/src/commonMain/kotlin/com/littlebridge/enrollplus/ui/v2/screens/parent/ParentAcademicsScreenV2.kt:647:17 Unresolved reference 'TintedBar'.
e: file:///C:/Users/HP/Devin1/VidyaPrayag/composeApp/src/commonMain/kotlin/com/littlebridge/enrollplus/ui/v2/screens/parent/ParentAcademicsScreenV2.kt:663:5 Unresolved reference 'CreamCard'.
e: file:///C:/Users/HP/Devin1/VidyaPrayag/composeApp/src/commonMain/kotlin/com/littlebridge/enrollplus/ui/v2/screens/parent/ParentAcademicsScreenV2.kt:664:9 @Composable invocations can only 
happen from the context of a @Composable function
e: file:///C:/Users/HP/Devin1/VidyaPrayag/composeApp/src/commonMain/kotlin/com/littlebridge/enrollplus/ui/v2/screens/parent/ParentAcademicsScreenV2.kt:672:13 @Composable invocations can only 
happen from the context of a @Composable function
e: file:///C:/Users/HP/Devin1/VidyaPrayag/composeApp/src/commonMain/kotlin/com/littlebridge/enrollplus/ui/v2/screens/parent/ParentAcademicsScreenV2.kt:673:13 @Composable invocations can only 
happen from the context of a @Composable function
e: file:///C:/Users/HP/Devin1/VidyaPrayag/composeApp/src/commonMain/kotlin/com/littlebridge/enrollplus/ui/v2/screens/parent/ParentAcademicsScreenV2.kt:676:13 @Composable invocations can only 
happen from the context of a @Composable function
e: file:///C:/Users/HP/Devin1/VidyaPrayag/composeApp/src/commonMain/kotlin/com/littlebridge/enrollplus/ui/v2/screens/parent/ParentAcademicsScreenV2.kt:678:28 Unresolved reference 
'subjectPalette'.
e: file:///C:/Users/HP/Devin1/VidyaPrayag/composeApp/src/commonMain/kotlin/com/littlebridge/enrollplus/ui/v2/screens/parent/ParentAcademicsScreenV2.kt:678:55 Unresolved reference 
'subjectPalette'.
e: file:///C:/Users/HP/Devin1/VidyaPrayag/composeApp/src/commonMain/kotlin/com/littlebridge/enrollplus/ui/v2/screens/parent/ParentAcademicsScreenV2.kt:679:17 @Composable invocations can only 
happen from the context of a @Composable function
e: file:///C:/Users/HP/Devin1/VidyaPrayag/composeApp/src/commonMain/kotlin/com/littlebridge/enrollplus/ui/v2/screens/parent/ParentAcademicsScreenV2.kt:685:21 None of the following candidates is 
applicable:
fun Text(text: String, modifier: Modifier = ..., color: Color = ..., autoSize: TextAutoSize? = ..., fontSize: TextUnit = ..., fontStyle: FontStyle? = ..., fontWeight: FontWeight? = ..., 
fontFamily: FontFamily? = ..., letterSpacing: TextUnit = ..., textDecoration: TextDecoration? = ..., textAlign: TextAlign? = ..., lineHeight: TextUnit = ..., overflow: TextOverflow = ..., 
softWrap: Boolean = ..., maxLines: Int = ..., minLines: Int = ..., onTextLayout: ((TextLayoutResult) -> Unit)? = ..., style: TextStyle = ...): Unit
fun Text(text: String, color: ColorProducer, modifier: Modifier = ..., autoSize: TextAutoSize? = ..., fontSize: TextUnit = ..., fontStyle: FontStyle? = ..., fontWeight: FontWeight? = ..., 
fontFamily: FontFamily? = ..., letterSpacing: TextUnit = ..., textDecoration: TextDecoration? = ..., textAlign: TextAlign? = ..., lineHeight: TextUnit = ..., overflow: TextOverflow = ..., 
softWrap: Boolean = ..., maxLines: Int = ..., minLines: Int = ..., onTextLayout: ((TextLayoutResult) -> Unit)? = ..., style: TextStyle = ...): Unit
fun Text(text: AnnotatedString, modifier: Modifier = ..., color: Color = ..., autoSize: TextAutoSize? = ..., fontSize: TextUnit = ..., fontStyle: FontStyle? = ..., fontWeight: FontWeight? = 
..., fontFamily: FontFamily? = ..., letterSpacing: TextUnit = ..., textDecoration: TextDecoration? = ..., textAlign: TextAlign? = ..., lineHeight: TextUnit = ..., overflow: TextOverflow = ..., 
softWrap: Boolean = ..., maxLines: Int = ..., minLines: Int = ..., inlineContent: Map<String, InlineTextContent> = ..., onTextLayout: (TextLayoutResult) -> Unit = ..., style: TextStyle = ...): 
Unit
fun Text(text: AnnotatedString, color: ColorProducer, modifier: Modifier = ..., autoSize: TextAutoSize? = ..., fontSize: TextUnit = ..., fontStyle: FontStyle? = ..., fontWeight: FontWeight? = 
..., fontFamily: FontFamily? = ..., letterSpacing: TextUnit = ..., textDecoration: TextDecoration? = ..., textAlign: TextAlign? = ..., lineHeight: TextUnit = ..., overflow: TextOverflow = ..., 
softWrap: Boolean = ..., maxLines: Int = ..., minLines: Int = ..., inlineContent: Map<String, InlineTextContent> = ..., onTextLayout: (TextLayoutResult) -> Unit = ..., style: TextStyle = ...): 
Unit
e: file:///C:/Users/HP/Devin1/VidyaPrayag/composeApp/src/commonMain/kotlin/com/littlebridge/enrollplus/ui/v2/screens/parent/ParentAcademicsScreenV2.kt:687:17 Unresolved reference 'TintedBar'.
e: file:///C:/Users/HP/Devin1/VidyaPrayag/composeApp/src/commonMain/kotlin/com/littlebridge/enrollplus/ui/v2/screens/parent/ParentAcademicsScreenV2.kt:717:47 Cannot infer type for this 
parameter. Specify it explicitly.
e: file:///C:/Users/HP/Devin1/VidyaPrayag/composeApp/src/commonMain/kotlin/com/littlebridge/enrollplus/ui/v2/screens/parent/ParentAcademicsScreenV2.kt:717:60 Cannot infer type for this 
parameter. Specify it explicitly.
e: file:///C:/Users/HP/Devin1/VidyaPrayag/composeApp/src/commonMain/kotlin/com/littlebridge/enrollplus/ui/v2/screens/parent/ParentAcademicsScreenV2.kt:717:77 Unresolved reference 'hexToColor'.
e: file:///C:/Users/HP/Devin1/VidyaPrayag/composeApp/src/commonMain/kotlin/com/littlebridge/enrollplus/ui/v2/screens/parent/ParentAcademicsScreenV2.kt:722:36 Cannot infer type for this 
parameter. Specify it explicitly.
e: file:///C:/Users/HP/Devin1/VidyaPrayag/composeApp/src/commonMain/kotlin/com/littlebridge/enrollplus/ui/v2/screens/parent/ParentAcademicsScreenV2.kt:722:36 Not enough information to infer 
type argument for 'T'.
e: file:///C:/Users/HP/Devin1/VidyaPrayag/composeApp/src/commonMain/kotlin/com/littlebridge/enrollplus/ui/v2/screens/parent/ParentAcademicsScreenV2.kt:750:9 Unresolved reference 'LoadingState'.
e: file:///C:/Users/HP/Devin1/VidyaPrayag/composeApp/src/commonMain/kotlin/com/littlebridge/enrollplus/ui/v2/screens/parent/ParentAcademicsScreenV2.kt:754:9 Unresolved reference 'ErrorState'.
e: file:///C:/Users/HP/Devin1/VidyaPrayag/composeApp/src/commonMain/kotlin/com/littlebridge/enrollplus/ui/v2/screens/parent/ParentAcademicsScreenV2.kt:762:9 Unresolved reference 'CreamCard'.
e: file:///C:/Users/HP/Devin1/VidyaPrayag/composeApp/src/commonMain/kotlin/com/littlebridge/enrollplus/ui/v2/screens/parent/ParentAcademicsScreenV2.kt:763:13 @Composable invocations can only 
happen from the context of a @Composable function
e: file:///C:/Users/HP/Devin1/VidyaPrayag/composeApp/src/commonMain/kotlin/com/littlebridge/enrollplus/ui/v2/screens/parent/ParentAcademicsScreenV2.kt:774:13 @Composable invocations can only 
happen from the context of a @Composable function
e: file:///C:/Users/HP/Devin1/VidyaPrayag/composeApp/src/commonMain/kotlin/com/littlebridge/enrollplus/ui/v2/screens/parent/ParentAcademicsScreenV2.kt:775:13 @Composable invocations can only 
happen from the context of a @Composable function
e: file:///C:/Users/HP/Devin1/VidyaPrayag/composeApp/src/commonMain/kotlin/com/littlebridge/enrollplus/ui/v2/screens/parent/ParentAcademicsScreenV2.kt:776:13 @Composable invocations can only 
happen from the context of a @Composable function
e: file:///C:/Users/HP/Devin1/VidyaPrayag/composeApp/src/commonMain/kotlin/com/littlebridge/enrollplus/ui/v2/screens/parent/ParentAcademicsScreenV2.kt:777:13 @Composable invocations can only 
happen from the context of a @Composable function
e: file:///C:/Users/HP/Devin1/VidyaPrayag/composeApp/src/commonMain/kotlin/com/littlebridge/enrollplus/ui/v2/screens/parent/ParentAcademicsScreenV2.kt:784:9 Unresolved reference 'CreamCard'.
e: file:///C:/Users/HP/Devin1/VidyaPrayag/composeApp/src/commonMain/kotlin/com/littlebridge/enrollplus/ui/v2/screens/parent/ParentAcademicsScreenV2.kt:785:13 @Composable invocations can only 
happen from the context of a @Composable function
e: file:///C:/Users/HP/Devin1/VidyaPrayag/composeApp/src/commonMain/kotlin/com/littlebridge/enrollplus/ui/v2/screens/parent/ParentAcademicsScreenV2.kt:828:9 Unresolved reference 'LoadingState'.
e: file:///C:/Users/HP/Devin1/VidyaPrayag/composeApp/src/commonMain/kotlin/com/littlebridge/enrollplus/ui/v2/screens/parent/ParentAcademicsScreenV2.kt:832:9 Unresolved reference 'ErrorState'.
e: file:///C:/Users/HP/Devin1/VidyaPrayag/composeApp/src/commonMain/kotlin/com/littlebridge/enrollplus/ui/v2/screens/parent/ParentAcademicsScreenV2.kt:838:9 Unresolved reference 'EmptyState'.
e: file:///C:/Users/HP/Devin1/VidyaPrayag/composeApp/src/commonMain/kotlin/com/littlebridge/enrollplus/ui/v2/screens/parent/ParentAcademicsScreenV2.kt:851:28 Unresolved reference 
'subjectPalette'.
e: file:///C:/Users/HP/Devin1/VidyaPrayag/composeApp/src/commonMain/kotlin/com/littlebridge/enrollplus/ui/v2/screens/parent/ParentAcademicsScreenV2.kt:851:49 Unresolved reference 
'subjectPalette'.
e: file:///C:/Users/HP/Devin1/VidyaPrayag/composeApp/src/commonMain/kotlin/com/littlebridge/enrollplus/ui/v2/screens/parent/ParentAcademicsScreenV2.kt:853:9 Unresolved reference 'CreamCard'.
e: file:///C:/Users/HP/Devin1/VidyaPrayag/composeApp/src/commonMain/kotlin/com/littlebridge/enrollplus/ui/v2/screens/parent/ParentAcademicsScreenV2.kt:854:13 @Composable invocations can only 
happen from the context of a @Composable function
e: file:///C:/Users/HP/Devin1/VidyaPrayag/composeApp/src/commonMain/kotlin/com/littlebridge/enrollplus/ui/v2/screens/parent/ParentAcademicsScreenV2.kt:860:59 None of the following candidates is 
applicable:
fun Modifier.background(color: Color, shape: Shape = ...): Modifier
fun Modifier.background(brush: Brush, shape: Shape = ..., alpha: Float = ...): Modifier
e: file:///C:/Users/HP/Devin1/VidyaPrayag/composeApp/src/commonMain/kotlin/com/littlebridge/enrollplus/ui/v2/screens/parent/ParentAcademicsScreenV2.kt:860:82 Only safe (?.) or non-null asserted 
(!!.) calls are allowed on a nullable receiver of type 'MatchGroup?'.
e: file:///C:/Users/HP/Devin1/VidyaPrayag/composeApp/src/commonMain/kotlin/com/littlebridge/enrollplus/ui/v2/screens/parent/ParentAcademicsScreenV2.kt:860:88 No parameter with name 'alpha' 
found.
e: file:///C:/Users/HP/Devin1/VidyaPrayag/composeApp/src/commonMain/kotlin/com/littlebridge/enrollplus/ui/v2/screens/parent/ParentAcademicsScreenV2.kt:863:21 None of the following candidates is 
applicable:
fun Text(text: String, modifier: Modifier = ..., color: Color = ..., autoSize: TextAutoSize? = ..., fontSize: TextUnit = ..., fontStyle: FontStyle? = ..., fontWeight: FontWeight? = ..., 
fontFamily: FontFamily? = ..., letterSpacing: TextUnit = ..., textDecoration: TextDecoration? = ..., textAlign: TextAlign? = ..., lineHeight: TextUnit = ..., overflow: TextOverflow = ..., 
softWrap: Boolean = ..., maxLines: Int = ..., minLines: Int = ..., onTextLayout: ((TextLayoutResult) -> Unit)? = ..., style: TextStyle = ...): Unit
fun Text(text: String, color: ColorProducer, modifier: Modifier = ..., autoSize: TextAutoSize? = ..., fontSize: TextUnit = ..., fontStyle: FontStyle? = ..., fontWeight: FontWeight? = ..., 
fontFamily: FontFamily? = ..., letterSpacing: TextUnit = ..., textDecoration: TextDecoration? = ..., textAlign: TextAlign? = ..., lineHeight: TextUnit = ..., overflow: TextOverflow = ..., 
softWrap: Boolean = ..., maxLines: Int = ..., minLines: Int = ..., onTextLayout: ((TextLayoutResult) -> Unit)? = ..., style: TextStyle = ...): Unit
fun Text(text: AnnotatedString, modifier: Modifier = ..., color: Color = ..., autoSize: TextAutoSize? = ..., fontSize: TextUnit = ..., fontStyle: FontStyle? = ..., fontWeight: FontWeight? = 
..., fontFamily: FontFamily? = ..., letterSpacing: TextUnit = ..., textDecoration: TextDecoration? = ..., textAlign: TextAlign? = ..., lineHeight: TextUnit = ..., overflow: TextOverflow = ..., 
softWrap: Boolean = ..., maxLines: Int = ..., minLines: Int = ..., inlineContent: Map<String, InlineTextContent> = ..., onTextLayout: (TextLayoutResult) -> Unit = ..., style: TextStyle = ...): 
Unit
fun Text(text: AnnotatedString, color: ColorProducer, modifier: Modifier = ..., autoSize: TextAutoSize? = ..., fontSize: TextUnit = ..., fontStyle: FontStyle? = ..., fontWeight: FontWeight? = 
..., fontFamily: FontFamily? = ..., letterSpacing: TextUnit = ..., textDecoration: TextDecoration? = ..., textAlign: TextAlign? = ..., lineHeight: TextUnit = ..., overflow: TextOverflow = ..., 
softWrap: Boolean = ..., maxLines: Int = ..., minLines: Int = ..., inlineContent: Map<String, InlineTextContent> = ..., onTextLayout: (TextLayoutResult) -> Unit = ..., style: TextStyle = ...): 
Unit
e: file:///C:/Users/HP/Devin1/VidyaPrayag/composeApp/src/commonMain/kotlin/com/littlebridge/enrollplus/ui/v2/screens/parent/ParentAcademicsScreenV2.kt:880:25 Unresolved reference 'MiniBadge'.
e: file:///C:/Users/HP/Devin1/VidyaPrayag/composeApp/src/commonMain/kotlin/com/littlebridge/enrollplus/ui/v2/screens/parent/ParentAcademicsScreenV2.kt:904:9 Unresolved reference 'LoadingState'.
e: file:///C:/Users/HP/Devin1/VidyaPrayag/composeApp/src/commonMain/kotlin/com/littlebridge/enrollplus/ui/v2/screens/parent/ParentAcademicsScreenV2.kt:908:9 Unresolved reference 'ErrorState'.
e: file:///C:/Users/HP/Devin1/VidyaPrayag/composeApp/src/commonMain/kotlin/com/littlebridge/enrollplus/ui/v2/screens/parent/ParentAcademicsScreenV2.kt:916:9 Unresolved reference 'EmptyState'.
e: file:///C:/Users/HP/Devin1/VidyaPrayag/composeApp/src/commonMain/kotlin/com/littlebridge/enrollplus/ui/v2/screens/parent/ParentAcademicsScreenV2.kt:920:19 Unresolved reference 
'subjectPalette'.
e: file:///C:/Users/HP/Devin1/VidyaPrayag/composeApp/src/commonMain/kotlin/com/littlebridge/enrollplus/ui/v2/screens/parent/ParentAcademicsScreenV2.kt:930:24 Argument type mismatch: actual type 
is 'MatchGroup?', but 'Color' was expected.
e: file:///C:/Users/HP/Devin1/VidyaPrayag/composeApp/src/commonMain/kotlin/com/littlebridge/enrollplus/ui/v2/screens/parent/ParentAcademicsScreenV2.kt:945:24 Argument type mismatch: actual type 
is 'MatchGroup?', but 'Color' was expected.
e: file:///C:/Users/HP/Devin1/VidyaPrayag/composeApp/src/commonMain/kotlin/com/littlebridge/enrollplus/ui/v2/screens/parent/ParentAcademicsScreenV2.kt:974:5 Unresolved reference 'CreamCard'.
e: file:///C:/Users/HP/Devin1/VidyaPrayag/composeApp/src/commonMain/kotlin/com/littlebridge/enrollplus/ui/v2/screens/parent/ParentAcademicsScreenV2.kt:975:9 @Composable invocations can only 
happen from the context of a @Composable function
e: file:///C:/Users/HP/Devin1/VidyaPrayag/composeApp/src/commonMain/kotlin/com/littlebridge/enrollplus/ui/v2/screens/parent/ParentAcademicsScreenV2.kt:977:48 @Composable invocations can only 
happen from the context of a @Composable function
e: file:///C:/Users/HP/Devin1/VidyaPrayag/composeApp/src/commonMain/kotlin/com/littlebridge/enrollplus/ui/v2/screens/parent/ParentAcademicsScreenV2.kt:993:17 Unresolved reference 'MiniBadge'.
e: file:///C:/Users/HP/Devin1/VidyaPrayag/composeApp/src/commonMain/kotlin/com/littlebridge/enrollplus/ui/v2/screens/parent/ParentAcademicsScreenV2.kt:1004:9 @Composable invocations can only 
happen from the context of a @Composable function
e: file:///C:/Users/HP/Devin1/VidyaPrayag/composeApp/src/commonMain/kotlin/com/littlebridge/enrollplus/ui/v2/screens/parent/ParentAcademicsScreenV2.kt:1005:9 Unresolved reference 'TintedBar'.
e: file:///C:/Users/HP/Devin1/VidyaPrayag/composeApp/src/commonMain/kotlin/com/littlebridge/enrollplus/ui/v2/screens/parent/ParentAcademicsScreenV2.kt:1007:13 @Composable invocations can only 
happen from the context of a @Composable function
e: file:///C:/Users/HP/Devin1/VidyaPrayag/composeApp/src/commonMain/kotlin/com/littlebridge/enrollplus/ui/v2/screens/parent/ParentAcademicsScreenV2.kt:1008:13 @Composable invocations can only 
happen from the context of a @Composable function
e: file:///C:/Users/HP/Devin1/VidyaPrayag/composeApp/src/commonMain/kotlin/com/littlebridge/enrollplus/ui/v2/screens/parent/ParentAcademicsScreenV2.kt:1015:13 @Composable invocations can only 
happen from the context of a @Composable function
e: file:///C:/Users/HP/Devin1/VidyaPrayag/composeApp/src/commonMain/kotlin/com/littlebridge/enrollplus/ui/v2/screens/parent/ParentAcademicsScreenV2.kt:1016:13 @Composable invocations can only 
happen from the context of a @Composable function
e: file:///C:/Users/HP/Devin1/VidyaPrayag/composeApp/src/commonMain/kotlin/com/littlebridge/enrollplus/ui/v2/screens/parent/ParentAcademicsScreenV2.kt:1017:13 @Composable invocations can only 
happen from the context of a @Composable function
e: file:///C:/Users/HP/Devin1/VidyaPrayag/composeApp/src/commonMain/kotlin/com/littlebridge/enrollplus/ui/v2/screens/parent/ParentAcademicsScreenV2.kt:1019:17 @Composable invocations can only 
happen from the context of a @Composable function
e: file:///C:/Users/HP/Devin1/VidyaPrayag/composeApp/src/commonMain/kotlin/com/littlebridge/enrollplus/ui/v2/screens/parent/ParentAcademicsScreenV2.kt:1071:9 Unresolved reference 'LoadingState'.
e: file:///C:/Users/HP/Devin1/VidyaPrayag/composeApp/src/commonMain/kotlin/com/littlebridge/enrollplus/ui/v2/screens/parent/ParentAcademicsScreenV2.kt:1075:9 Unresolved reference 'ErrorState'.
e: file:///C:/Users/HP/Devin1/VidyaPrayag/composeApp/src/commonMain/kotlin/com/littlebridge/enrollplus/ui/v2/screens/parent/ParentAcademicsScreenV2.kt:1080:9 Unresolved reference 'LoadingState'.
e: file:///C:/Users/HP/Devin1/VidyaPrayag/composeApp/src/commonMain/kotlin/com/littlebridge/enrollplus/ui/v2/screens/parent/ParentAcademicsScreenV2.kt:1084:9 Unresolved reference 'ErrorState'.
e: file:///C:/Users/HP/Devin1/VidyaPrayag/composeApp/src/commonMain/kotlin/com/littlebridge/enrollplus/ui/v2/screens/parent/ParentAcademicsScreenV2.kt:1089:9 Unresolved reference 'EmptyState'.
e: file:///C:/Users/HP/Devin1/VidyaPrayag/composeApp/src/commonMain/kotlin/com/littlebridge/enrollplus/ui/v2/screens/parent/ParentAcademicsScreenV2.kt:1094:9 Unresolved reference 'CreamCard'.
e: file:///C:/Users/HP/Devin1/VidyaPrayag/composeApp/src/commonMain/kotlin/com/littlebridge/enrollplus/ui/v2/screens/parent/ParentAcademicsScreenV2.kt:1102:13 @Composable invocations can only 
happen from the context of a @Composable function
e: file:///C:/Users/HP/Devin1/VidyaPrayag/composeApp/src/commonMain/kotlin/com/littlebridge/enrollplus/ui/v2/screens/parent/ParentAcademicsScreenV2.kt:1123:25 Unresolved reference 'MiniBadge'.
e: file:///C:/Users/HP/Devin1/VidyaPrayag/composeApp/src/commonMain/kotlin/com/littlebridge/enrollplus/ui/v2/screens/parent/ParentAcademicsScreenV2.kt:1127:25 Unresolved reference 'MiniBadge'.
e: file:///C:/Users/HP/Devin1/VidyaPrayag/composeApp/src/commonMain/kotlin/com/littlebridge/enrollplus/ui/v2/screens/parent/ParentAcademicsScreenV2.kt:1130:29 Unresolved reference 'MiniBadge'.
e: file:///C:/Users/HP/Devin1/VidyaPrayag/composeApp/src/commonMain/kotlin/com/littlebridge/enrollplus/ui/v2/screens/parent/ParentAcademicsScreenV2.kt:1147:5 Unresolved reference 'CreamCard'.
e: file:///C:/Users/HP/Devin1/VidyaPrayag/composeApp/src/commonMain/kotlin/com/littlebridge/enrollplus/ui/v2/screens/parent/ParentAcademicsScreenV2.kt:1148:9 @Composable invocations can only 
happen from the context of a @Composable function
e: file:///C:/Users/HP/Devin1/VidyaPrayag/composeApp/src/commonMain/kotlin/com/littlebridge/enrollplus/ui/v2/screens/parent/ParentAcademicsScreenV2.kt:1160:9 @Composable invocations can only 
happen from the context of a @Composable function
e: file:///C:/Users/HP/Devin1/VidyaPrayag/composeApp/src/commonMain/kotlin/com/littlebridge/enrollplus/ui/v2/screens/parent/ParentAcademicsScreenV2.kt:1162:9 @Composable invocations can only 
happen from the context of a @Composable function
e: file:///C:/Users/HP/Devin1/VidyaPrayag/composeApp/src/commonMain/kotlin/com/littlebridge/enrollplus/ui/v2/screens/parent/ParentAcademicsScreenV2.kt:1228:9 @Composable invocations can only 
happen from the context of a @Composable function
e: file:///C:/Users/HP/Devin1/VidyaPrayag/composeApp/src/commonMain/kotlin/com/littlebridge/enrollplus/ui/v2/screens/parent/ParentAcademicsScreenV2.kt:1232:13 @Composable invocations can only 
happen from the context of a @Composable function
e: file:///C:/Users/HP/Devin1/VidyaPrayag/composeApp/src/commonMain/kotlin/com/littlebridge/enrollplus/ui/v2/screens/parent/ParentAcademicsScreenV2.kt:1233:13 @Composable invocations can only 
happen from the context of a @Composable function
e: file:///C:/Users/HP/Devin1/VidyaPrayag/composeApp/src/commonMain/kotlin/com/littlebridge/enrollplus/ui/v2/screens/parent/ParentAcademicsScreenV2.kt:1236:9 @Composable invocations can only 
happen from the context of a @Composable function
e: file:///C:/Users/HP/Devin1/VidyaPrayag/composeApp/src/commonMain/kotlin/com/littlebridge/enrollplus/ui/v2/screens/parent/ParentAcademicsScreenV2.kt:1263:5 Unresolved reference 'CreamCard'.
e: file:///C:/Users/HP/Devin1/VidyaPrayag/composeApp/src/commonMain/kotlin/com/littlebridge/enrollplus/ui/v2/screens/parent/ParentAcademicsScreenV2.kt:1264:9 @Composable invocations can only 
happen from the context of a @Composable function
e: file:///C:/Users/HP/Devin1/VidyaPrayag/composeApp/src/commonMain/kotlin/com/littlebridge/enrollplus/ui/v2/screens/parent/ParentAcademicsScreenV2.kt:1375:9 Unresolved reference 'LoadingState'.
e: file:///C:/Users/HP/Devin1/VidyaPrayag/composeApp/src/commonMain/kotlin/com/littlebridge/enrollplus/ui/v2/screens/parent/ParentAcademicsScreenV2.kt:1379:9 Unresolved reference 'ErrorState'.
e: file:///C:/Users/HP/Devin1/VidyaPrayag/composeApp/src/commonMain/kotlin/com/littlebridge/enrollplus/ui/v2/screens/parent/ParentAcademicsScreenV2.kt:1396:13 Unresolved reference 'EmptyState'.
e: file:///C:/Users/HP/Devin1/VidyaPrayag/composeApp/src/commonMain/kotlin/com/littlebridge/enrollplus/ui/v2/screens/parent/ParentAcademicsScreenV2.kt:1401:9 Unresolved reference 'CreamCard'.
e: file:///C:/Users/HP/Devin1/VidyaPrayag/composeApp/src/commonMain/kotlin/com/littlebridge/enrollplus/ui/v2/screens/parent/ParentAcademicsScreenV2.kt:1402:13 @Composable invocations can only 
happen from the context of a @Composable function
e: file:///C:/Users/HP/Devin1/VidyaPrayag/composeApp/src/commonMain/kotlin/com/littlebridge/enrollplus/ui/v2/screens/parent/ParentAcademicsScreenV2.kt:1418:9 Unresolved reference 'CreamCard'.
e: file:///C:/Users/HP/Devin1/VidyaPrayag/composeApp/src/commonMain/kotlin/com/littlebridge/enrollplus/ui/v2/screens/parent/ParentAcademicsScreenV2.kt:1419:13 @Composable invocations can only 
happen from the context of a @Composable function
e: file:///C:/Users/HP/Devin1/VidyaPrayag/composeApp/src/commonMain/kotlin/com/littlebridge/enrollplus/ui/v2/screens/parent/ParentAcademicsScreenV2.kt:1433:25 Unresolved reference 'MiniBadge'.
e: file:///C:/Users/HP/Devin1/VidyaPrayag/composeApp/src/commonMain/kotlin/com/littlebridge/enrollplus/ui/v2/screens/parent/ParentAcademicsScreenV2.kt:1437:13 @Composable invocations can only 
happen from the context of a @Composable function
e: file:///C:/Users/HP/Devin1/VidyaPrayag/composeApp/src/commonMain/kotlin/com/littlebridge/enrollplus/ui/v2/screens/parent/ParentAcademicsScreenV2.kt:1438:13 @Composable invocations can only 
happen from the context of a @Composable function
e: file:///C:/Users/HP/Devin1/VidyaPrayag/composeApp/src/commonMain/kotlin/com/littlebridge/enrollplus/ui/v2/screens/parent/ParentAcademicsScreenV2.kt:1447:1 Modifier 'private' is not 
applicable to 'local variable'.
e: file:///C:/Users/HP/Devin1/VidyaPrayag/composeApp/src/commonMain/kotlin/com/littlebridge/enrollplus/ui/v2/screens/parent/ParentAcademicsScreenV2.kt:1450:1 Modifier 'private' is not 
applicable to 'local function'.
e: file:///C:/Users/HP/Devin1/VidyaPrayag/composeApp/src/commonMain/kotlin/com/littlebridge/enrollplus/ui/v2/screens/parent/ParentAcademicsScreenV2.kt:1456:9 Unresolved reference 'LoadingState'.
e: file:///C:/Users/HP/Devin1/VidyaPrayag/composeApp/src/commonMain/kotlin/com/littlebridge/enrollplus/ui/v2/screens/parent/ParentAcademicsScreenV2.kt:1461:9 Unresolved reference 'EmptyState'.
e: file:///C:/Users/HP/Devin1/VidyaPrayag/composeApp/src/commonMain/kotlin/com/littlebridge/enrollplus/ui/v2/screens/parent/ParentAcademicsScreenV2.kt:1472:13 Unresolved reference 'CreamCard'.
e: file:///C:/Users/HP/Devin1/VidyaPrayag/composeApp/src/commonMain/kotlin/com/littlebridge/enrollplus/ui/v2/screens/parent/ParentAcademicsScreenV2.kt:1473:17 @Composable invocations can only 
happen from the context of a @Composable function
e: file:///C:/Users/HP/Devin1/VidyaPrayag/composeApp/src/commonMain/kotlin/com/littlebridge/enrollplus/ui/v2/screens/parent/ParentAcademicsScreenV2.kt:1522:13 Unresolved reference 'EmptyState'.
e: file:///C:/Users/HP/Devin1/VidyaPrayag/composeApp/src/commonMain/kotlin/com/littlebridge/enrollplus/ui/v2/screens/parent/ParentAcademicsScreenV2.kt:1527:35 Unresolved reference 
'subjectPalette'.
e: file:///C:/Users/HP/Devin1/VidyaPrayag/composeApp/src/commonMain/kotlin/com/littlebridge/enrollplus/ui/v2/screens/parent/ParentAcademicsScreenV2.kt:1527:56 Unresolved reference 
'subjectPalette'.
e: file:///C:/Users/HP/Devin1/VidyaPrayag/composeApp/src/commonMain/kotlin/com/littlebridge/enrollplus/ui/v2/screens/parent/ParentAcademicsScreenV2.kt:1533:26 None of the following candidates 
is applicable:
fun Modifier.background(color: Color, shape: Shape = ...): Modifier
fun Modifier.background(brush: Brush, shape: Shape = ..., alpha: Float = ...): Modifier
e: file:///C:/Users/HP/Devin1/VidyaPrayag/composeApp/src/commonMain/kotlin/com/littlebridge/enrollplus/ui/v2/screens/parent/ParentAcademicsScreenV2.kt:1533:60 Only safe (?.) or non-null 
asserted (!!.) calls are allowed on a nullable receiver of type 'MatchGroup?'.
e: file:///C:/Users/HP/Devin1/VidyaPrayag/composeApp/src/commonMain/kotlin/com/littlebridge/enrollplus/ui/v2/screens/parent/ParentAcademicsScreenV2.kt:1533:66 No parameter with name 'alpha' 
found.
e: file:///C:/Users/HP/Devin1/VidyaPrayag/composeApp/src/commonMain/kotlin/com/littlebridge/enrollplus/ui/v2/screens/parent/ParentAcademicsScreenV2.kt:1534:62 Only safe (?.) or non-null 
asserted (!!.) calls are allowed on a nullable receiver of type 'MatchGroup?'.
e: file:///C:/Users/HP/Devin1/VidyaPrayag/composeApp/src/commonMain/kotlin/com/littlebridge/enrollplus/ui/v2/screens/parent/ParentAcademicsScreenV2.kt:1534:68 No parameter with name 'alpha' 
found.
e: file:///C:/Users/HP/Devin1/VidyaPrayag/composeApp/src/commonMain/kotlin/com/littlebridge/enrollplus/ui/v2/screens/parent/ParentAcademicsScreenV2.kt:1540:63 None of the following candidates 
is applicable:
fun Modifier.background(color: Color, shape: Shape = ...): Modifier
fun Modifier.background(brush: Brush, shape: Shape = ..., alpha: Float = ...): Modifier
e: file:///C:/Users/HP/Devin1/VidyaPrayag/composeApp/src/commonMain/kotlin/com/littlebridge/enrollplus/ui/v2/screens/parent/ParentAcademicsScreenV2.kt:1540:85 Only safe (?.) or non-null 
asserted (!!.) calls are allowed on a nullable receiver of type 'MatchGroup?'.
e: file:///C:/Users/HP/Devin1/VidyaPrayag/composeApp/src/commonMain/kotlin/com/littlebridge/enrollplus/ui/v2/screens/parent/ParentAcademicsScreenV2.kt:1540:91 No parameter with name 'alpha' 
found.
e: file:///C:/Users/HP/Devin1/VidyaPrayag/composeApp/src/commonMain/kotlin/com/littlebridge/enrollplus/ui/v2/screens/parent/ParentAcademicsScreenV2.kt:1543:25 None of the following candidates 
is applicable:
fun Text(text: String, modifier: Modifier = ..., color: Color = ..., autoSize: TextAutoSize? = ..., fontSize: TextUnit = ..., fontStyle: FontStyle? = ..., fontWeight: FontWeight? = ..., 
fontFamily: FontFamily? = ..., letterSpacing: TextUnit = ..., textDecoration: TextDecoration? = ..., textAlign: TextAlign? = ..., lineHeight: TextUnit = ..., overflow: TextOverflow = ..., 
softWrap: Boolean = ..., maxLines: Int = ..., minLines: Int = ..., onTextLayout: ((TextLayoutResult) -> Unit)? = ..., style: TextStyle = ...): Unit
fun Text(text: String, color: ColorProducer, modifier: Modifier = ..., autoSize: TextAutoSize? = ..., fontSize: TextUnit = ..., fontStyle: FontStyle? = ..., fontWeight: FontWeight? = ..., 
fontFamily: FontFamily? = ..., letterSpacing: TextUnit = ..., textDecoration: TextDecoration? = ..., textAlign: TextAlign? = ..., lineHeight: TextUnit = ..., overflow: TextOverflow = ..., 
softWrap: Boolean = ..., maxLines: Int = ..., minLines: Int = ..., onTextLayout: ((TextLayoutResult) -> Unit)? = ..., style: TextStyle = ...): Unit
fun Text(text: AnnotatedString, modifier: Modifier = ..., color: Color = ..., autoSize: TextAutoSize? = ..., fontSize: TextUnit = ..., fontStyle: FontStyle? = ..., fontWeight: FontWeight? = 
..., fontFamily: FontFamily? = ..., letterSpacing: TextUnit = ..., textDecoration: TextDecoration? = ..., textAlign: TextAlign? = ..., lineHeight: TextUnit = ..., overflow: TextOverflow = ..., 
softWrap: Boolean = ..., maxLines: Int = ..., minLines: Int = ..., inlineContent: Map<String, InlineTextContent> = ..., onTextLayout: (TextLayoutResult) -> Unit = ..., style: TextStyle = ...): 
Unit
fun Text(text: AnnotatedString, color: ColorProducer, modifier: Modifier = ..., autoSize: TextAutoSize? = ..., fontSize: TextUnit = ..., fontStyle: FontStyle? = ..., fontWeight: FontWeight? = 
..., fontFamily: FontFamily? = ..., letterSpacing: TextUnit = ..., textDecoration: TextDecoration? = ..., textAlign: TextAlign? = ..., lineHeight: TextUnit = ..., overflow: TextOverflow = ..., 
softWrap: Boolean = ..., maxLines: Int = ..., minLines: Int = ..., inlineContent: Map<String, InlineTextContent> = ..., onTextLayout: (TextLayoutResult) -> Unit = ..., style: TextStyle = ...): 
Unit
e: file:///C:/Users/HP/Devin1/VidyaPrayag/composeApp/src/commonMain/kotlin/com/littlebridge/enrollplus/ui/v2/screens/parent/ParentAcademicsScreenV2.kt:1576:57 None of the following candidates 
is applicable:
fun Modifier.background(color: Color, shape: Shape = ...): Modifier
fun Modifier.background(brush: Brush, shape: Shape = ..., alpha: Float = ...): Modifier
e: file:///C:/Users/HP/Devin1/VidyaPrayag/composeApp/src/commonMain/kotlin/com/littlebridge/enrollplus/ui/v2/screens/parent/ParentAcademicsScreenV2.kt:1593:1 Modifier 'private' is not 
applicable to 'local variable'.
e: file:///C:/Users/HP/Devin1/VidyaPrayag/composeApp/src/commonMain/kotlin/com/littlebridge/enrollplus/ui/v2/screens/parent/ParentAcademicsScreenV2.kt:1601:1 Modifier 'private' is not 
applicable to 'local function'.
e: file:///C:/Users/HP/Devin1/VidyaPrayag/composeApp/src/commonMain/kotlin/com/littlebridge/enrollplus/ui/v2/screens/parent/ParentAcademicsScreenV2.kt:1617:1 Modifier 'private' is not 
applicable to 'local function'.
e: file:///C:/Users/HP/Devin1/VidyaPrayag/composeApp/src/commonMain/kotlin/com/littlebridge/enrollplus/ui/v2/screens/parent/ParentAcademicsScreenV2.kt:1627:1 Modifier 'private' is not 
applicable to 'local function'.
e: file:///C:/Users/HP/Devin1/VidyaPrayag/composeApp/src/commonMain/kotlin/com/littlebridge/enrollplus/ui/v2/screens/parent/ParentAcademicsScreenV2.kt:1638:1 Modifier 'private' is not 
applicable to 'local function'.
e: file:///C:/Users/HP/Devin1/VidyaPrayag/composeApp/src/commonMain/kotlin/com/littlebridge/enrollplus/ui/v2/screens/parent/ParentAcademicsScreenV2.kt:1643:1 Modifier 'private' is not 
applicable to 'local function'.
e: file:///C:/Users/HP/Devin1/VidyaPrayag/composeApp/src/commonMain/kotlin/com/littlebridge/enrollplus/ui/v2/screens/parent/ParentAcademicsScreenV2.kt:1661:1 Modifier 'private' is not 
applicable to 'local function'.
e: file:///C:/Users/HP/Devin1/VidyaPrayag/composeApp/src/commonMain/kotlin/com/littlebridge/enrollplus/ui/v2/screens/parent/ParentAcademicsScreenV2.kt:1668:1 Modifier 'private' is not 
applicable to 'local function'.
e: file:///C:/Users/HP/Devin1/VidyaPrayag/composeApp/src/commonMain/kotlin/com/littlebridge/enrollplus/ui/v2/screens/parent/ParentAcademicsScreenV2.kt:1693:1 Modifier 'private' is not 
applicable to 'local function'.
e: file:///C:/Users/HP/Devin1/VidyaPrayag/composeApp/src/commonMain/kotlin/com/littlebridge/enrollplus/ui/v2/screens/parent/ParentAcademicsScreenV2.kt:1707:1 Modifier 'private' is not 
applicable to 'local function'.
e: file:///C:/Users/HP/Devin1/VidyaPrayag/composeApp/src/commonMain/kotlin/com/littlebridge/enrollplus/ui/v2/screens/parent/ParentAcademicsScreenV2.kt:1710:2 Syntax error: Expecting '}'.
e: file:///C:/Users/HP/Devin1/VidyaPrayag/composeApp/src/commonMain/kotlin/com/littlebridge/enrollplus/ui/v2/screens/parent/ParentEventRegistrationScreenV2.kt:93:25 Unresolved reference 
'VTypography'.
e: file:///C:/Users/HP/Devin1/VidyaPrayag/composeApp/src/commonMain/kotlin/com/littlebridge/enrollplus/ui/v2/screens/parent/ParentEventRegistrationScreenV2.kt:101:25 Unresolved reference 
'VTypography'.
e: file:///C:/Users/HP/Devin1/VidyaPrayag/composeApp/src/commonMain/kotlin/com/littlebridge/enrollplus/ui/v2/screens/parent/ParentEventRegistrationScreenV2.kt:221:27 Unresolved reference 
'VShapes'.
e: file:///C:/Users/HP/Devin1/VidyaPrayag/composeApp/src/commonMain/kotlin/com/littlebridge/enrollplus/ui/v2/screens/parent/ParentEventRegistrationScreenV2.kt:223:49 Unresolved reference 
'VShapes'.
e: file:///C:/Users/HP/Devin1/VidyaPrayag/composeApp/src/commonMain/kotlin/com/littlebridge/enrollplus/ui/v2/screens/parent/ParentEventRegistrationScreenV2.kt:226:43 Unresolved reference 
'VTypography'.
e: file:///C:/Users/HP/Devin1/VidyaPrayag/composeApp/src/commonMain/kotlin/com/littlebridge/enrollplus/ui/v2/screens/parent/ParentEventRegistrationScreenV2.kt:228:47 Unresolved reference 
'VTypography'.
e: file:///C:/Users/HP/Devin1/VidyaPrayag/composeApp/src/commonMain/kotlin/com/littlebridge/enrollplus/ui/v2/screens/parent/ParentEventRegistrationScreenV2.kt:230:59 Unresolved reference 
'VTypography'.
e: file:///C:/Users/HP/Devin1/VidyaPrayag/composeApp/src/commonMain/kotlin/com/littlebridge/enrollplus/ui/v2/screens/parent/ParentEventRegistrationScreenV2.kt:234:53 Unresolved reference 
'VTypography'.
e: file:///C:/Users/HP/Devin1/VidyaPrayag/composeApp/src/commonMain/kotlin/com/littlebridge/enrollplus/ui/v2/screens/parent/ParentEventRegistrationScreenV2.kt:238:80 Unresolved reference 
'VTypography'.
e: file:///C:/Users/HP/Devin1/VidyaPrayag/composeApp/src/commonMain/kotlin/com/littlebridge/enrollplus/ui/v2/screens/parent/ParentEventRegistrationScreenV2.kt:250:33 Unresolved reference 
'VTypography'.
e: file:///C:/Users/HP/Devin1/VidyaPrayag/composeApp/src/commonMain/kotlin/com/littlebridge/enrollplus/ui/v2/screens/parent/ParentEventRegistrationScreenV2.kt:261:29 Unresolved reference 
'VTypography'.
e: file:///C:/Users/HP/Devin1/VidyaPrayag/composeApp/src/commonMain/kotlin/com/littlebridge/enrollplus/ui/v2/screens/parent/ParentEventRegistrationScreenV2.kt:334:19 Unresolved reference 
'VShapes'.
e: file:///C:/Users/HP/Devin1/VidyaPrayag/composeApp/src/commonMain/kotlin/com/littlebridge/enrollplus/ui/v2/screens/parent/ParentEventRegistrationScreenV2.kt:336:77 Unresolved reference 
'VShapes'.
e: file:///C:/Users/HP/Devin1/VidyaPrayag/composeApp/src/commonMain/kotlin/com/littlebridge/enrollplus/ui/v2/screens/parent/ParentEventRegistrationScreenV2.kt:345:25 Unresolved reference 
'VTypography'.
e: file:///C:/Users/HP/Devin1/VidyaPrayag/composeApp/src/commonMain/kotlin/com/littlebridge/enrollplus/ui/v2/screens/parent/ParentEventRegistrationScreenV2.kt:350:25 Unresolved reference 
'VTypography'.
e: file:///C:/Users/HP/Devin1/VidyaPrayag/composeApp/src/commonMain/kotlin/com/littlebridge/enrollplus/ui/v2/screens/parent/ParentEventRegistrationScreenV2.kt:386:31 Unresolved reference 
'VShapes'.
e: file:///C:/Users/HP/Devin1/VidyaPrayag/composeApp/src/commonMain/kotlin/com/littlebridge/enrollplus/ui/v2/screens/parent/ParentEventRegistrationScreenV2.kt:388:53 Unresolved reference 
'VShapes'.
e: file:///C:/Users/HP/Devin1/VidyaPrayag/composeApp/src/commonMain/kotlin/com/littlebridge/enrollplus/ui/v2/screens/parent/ParentEventRegistrationScreenV2.kt:391:50 Unresolved reference 
'VTypography'.
e: file:///C:/Users/HP/Devin1/VidyaPrayag/composeApp/src/commonMain/kotlin/com/littlebridge/enrollplus/ui/v2/screens/parent/ParentEventRegistrationScreenV2.kt:393:49 Unresolved reference 
'VTypography'.
e: file:///C:/Users/HP/Devin1/VidyaPrayag/composeApp/src/commonMain/kotlin/com/littlebridge/enrollplus/ui/v2/screens/parent/ParentEventRegistrationScreenV2.kt:397:37 Unresolved reference 
'VTypography'.
e: file:///C:/Users/HP/Devin1/VidyaPrayag/composeApp/src/commonMain/kotlin/com/littlebridge/enrollplus/ui/v2/screens/parent/ParentEventRegistrationScreenV2.kt:423:19 Unresolved reference 
'VShapes'.
e: file:///C:/Users/HP/Devin1/VidyaPrayag/composeApp/src/commonMain/kotlin/com/littlebridge/enrollplus/ui/v2/screens/parent/ParentEventRegistrationScreenV2.kt:425:41 Unresolved reference 
'VShapes'.
e: file:///C:/Users/HP/Devin1/VidyaPrayag/composeApp/src/commonMain/kotlin/com/littlebridge/enrollplus/ui/v2/screens/parent/ParentEventRegistrationScreenV2.kt:433:23 Unresolved reference 
'VShapes'.
e: file:///C:/Users/HP/Devin1/VidyaPrayag/composeApp/src/commonMain/kotlin/com/littlebridge/enrollplus/ui/v2/screens/parent/ParentEventRegistrationScreenV2.kt:438:13 Unresolved reference 'Icon'.
e: file:///C:/Users/HP/Devin1/VidyaPrayag/composeApp/src/commonMain/kotlin/com/littlebridge/enrollplus/ui/v2/screens/parent/ParentEventRegistrationScreenV2.kt:439:17 Unresolved reference 
'VIcons'.
e: file:///C:/Users/HP/Devin1/VidyaPrayag/composeApp/src/commonMain/kotlin/com/littlebridge/enrollplus/ui/v2/screens/parent/ParentEventRegistrationScreenV2.kt:446:39 Unresolved reference 
'VTypography'.
e: file:///C:/Users/HP/Devin1/VidyaPrayag/composeApp/src/commonMain/kotlin/com/littlebridge/enrollplus/ui/v2/screens/parent/ParentEventRegistrationScreenV2.kt:448:43 Unresolved reference 
'VTypography'.
e: file:///C:/Users/HP/Devin1/VidyaPrayag/composeApp/src/commonMain/kotlin/com/littlebridge/enrollplus/ui/v2/screens/parent/ParentEventRegistrationScreenV2.kt:450:55 Unresolved reference 
'VTypography'.
e: file:///C:/Users/HP/Devin1/VidyaPrayag/composeApp/src/commonMain/kotlin/com/littlebridge/enrollplus/ui/v2/screens/parent/ParentEventRegistrationScreenV2.kt:461:9 Unresolved reference 'Icon'.
e: file:///C:/Users/HP/Devin1/VidyaPrayag/composeApp/src/commonMain/kotlin/com/littlebridge/enrollplus/ui/v2/screens/parent/ParentEventRegistrationScreenV2.kt:461:14 Unresolved reference 
'VIcons'.
e: file:///C:/Users/HP/Devin1/VidyaPrayag/composeApp/src/commonMain/kotlin/com/littlebridge/enrollplus/ui/v2/screens/parent/ParentEventRegistrationScreenV2.kt:469:19 Unresolved reference 
'VShapes'.
e: file:///C:/Users/HP/Devin1/VidyaPrayag/composeApp/src/commonMain/kotlin/com/littlebridge/enrollplus/ui/v2/screens/parent/ParentEventRegistrationScreenV2.kt:475:21 Unresolved reference 
'VTypography'.
e: file:///C:/Users/HP/Devin1/VidyaPrayag/composeApp/src/commonMain/kotlin/com/littlebridge/enrollplus/ui/v2/screens/parent/ParentEventRegistrationScreenV2.kt:490:19 Unresolved reference 
'VShapes'.
e: file:///C:/Users/HP/Devin1/VidyaPrayag/composeApp/src/commonMain/kotlin/com/littlebridge/enrollplus/ui/v2/screens/parent/ParentEventRegistrationScreenV2.kt:492:77 Unresolved reference 
'VShapes'.
e: file:///C:/Users/HP/Devin1/VidyaPrayag/composeApp/src/commonMain/kotlin/com/littlebridge/enrollplus/ui/v2/screens/parent/ParentEventRegistrationScreenV2.kt:499:21 Unresolved reference 
'VTypography'.
e: file:///C:/Users/HP/Devin1/VidyaPrayag/composeApp/src/commonMain/kotlin/com/littlebridge/enrollplus/ui/v2/screens/parent/ParentEventRegistrationScreenV2.kt:525:19 Unresolved reference 
'VShapes'.
e: file:///C:/Users/HP/Devin1/VidyaPrayag/composeApp/src/commonMain/kotlin/com/littlebridge/enrollplus/ui/v2/screens/parent/ParentEventRegistrationScreenV2.kt:527:58 Unresolved reference 
'VShapes'.
e: file:///C:/Users/HP/Devin1/VidyaPrayag/composeApp/src/commonMain/kotlin/com/littlebridge/enrollplus/ui/v2/screens/parent/ParentEventRegistrationScreenV2.kt:539:32 Unresolved reference 
'VTypography'.
e: file:///C:/Users/HP/Devin1/VidyaPrayag/composeApp/src/commonMain/kotlin/com/littlebridge/enrollplus/ui/v2/screens/parent/ParentEventRegistrationScreenV2.kt:555:21 Unresolved reference 
'VTypography'.
e: file:///C:/Users/HP/Devin1/VidyaPrayag/composeApp/src/commonMain/kotlin/com/littlebridge/enrollplus/ui/v2/screens/parent/ParentEventRegistrationScreenV2.kt:562:61 Unresolved reference 
'VTypography'.
e: file:///C:/Users/HP/Devin1/VidyaPrayag/composeApp/src/commonMain/kotlin/com/littlebridge/enrollplus/ui/v2/screens/parent/ParentEventRegistrationScreenV2.kt:564:53 Unresolved reference 
'VShapes'.
e: file:///C:/Users/HP/Devin1/VidyaPrayag/composeApp/src/commonMain/kotlin/com/littlebridge/enrollplus/ui/v2/screens/parent/ParentEventRegistrationScreenV2.kt:565:21 Unresolved reference 
'VShapes'.
e: file:///C:/Users/HP/Devin1/VidyaPrayag/composeApp/src/commonMain/kotlin/com/littlebridge/enrollplus/ui/v2/screens/parent/ParentHomeworkScreenV2.kt:147:37 Function 'component1()' is ambiguous 
for this expression: 
fun <T> Array<out T>.component1(): T
fun ByteArray.component1(): Byte
fun ShortArray.component1(): Short
fun IntArray.component1(): Int
fun LongArray.component1(): Long
fun FloatArray.component1(): Float
fun DoubleArray.component1(): Double
fun BooleanArray.component1(): Boolean
fun CharArray.component1(): Char
fun <T> List<T>.component1(): T
fun <K, V> Map.Entry<K, V>.component1(): K
fun UIntArray.component1(): UInt
fun ULongArray.component1(): ULong
fun UByteArray.component1(): UByte
fun UShortArray.component1(): UShort.
e: file:///C:/Users/HP/Devin1/VidyaPrayag/composeApp/src/commonMain/kotlin/com/littlebridge/enrollplus/ui/v2/screens/parent/ParentHomeworkScreenV2.kt:147:37 Function 'component2()' is ambiguous 
for this expression: 
fun <T> Array<out T>.component2(): T
fun ByteArray.component2(): Byte
fun ShortArray.component2(): Short
fun IntArray.component2(): Int
fun LongArray.component2(): Long
fun FloatArray.component2(): Float
fun DoubleArray.component2(): Double
fun BooleanArray.component2(): Boolean
fun CharArray.component2(): Char
fun <T> List<T>.component2(): T
fun <K, V> Map.Entry<K, V>.component2(): V
fun UIntArray.component2(): UInt
fun ULongArray.component2(): ULong
fun UByteArray.component2(): UByte
fun UShortArray.component2(): UShort.
e: file:///C:/Users/HP/Devin1/VidyaPrayag/composeApp/src/commonMain/kotlin/com/littlebridge/enrollplus/ui/v2/screens/parent/ParentHomeworkScreenV2.kt:147:37 Not enough information to infer type 
argument for 'K'.
e: file:///C:/Users/HP/Devin1/VidyaPrayag/composeApp/src/commonMain/kotlin/com/littlebridge/enrollplus/ui/v2/screens/parent/ParentHomeworkScreenV2.kt:148:30 Cannot infer type for this 
parameter. Specify it explicitly.
e: file:///C:/Users/HP/Devin1/VidyaPrayag/composeApp/src/commonMain/kotlin/com/littlebridge/enrollplus/ui/v2/screens/parent/ParentHomeworkScreenV2.kt:148:30 Not enough information to infer type 
argument for 'B'.
e: file:///C:/Users/HP/Devin1/VidyaPrayag/composeApp/src/commonMain/kotlin/com/littlebridge/enrollplus/ui/v2/screens/parent/ParentHomeworkScreenV2.kt:148:44 Unresolved reference 'Violet'.
e: file:///C:/Users/HP/Devin1/VidyaPrayag/composeApp/src/commonMain/kotlin/com/littlebridge/enrollplus/ui/v2/screens/parent/ParentHomeworkScreenV2.kt:149:36 Cannot infer type for this 
parameter. Specify it explicitly.
e: file:///C:/Users/HP/Devin1/VidyaPrayag/composeApp/src/commonMain/kotlin/com/littlebridge/enrollplus/ui/v2/screens/parent/ParentHomeworkScreenV2.kt:149:36 Not enough information to infer type 
argument for 'B'.
e: file:///C:/Users/HP/Devin1/VidyaPrayag/composeApp/src/commonMain/kotlin/com/littlebridge/enrollplus/ui/v2/screens/parent/ParentHomeworkScreenV2.kt:149:50 Unresolved reference 'Mint'.
e: file:///C:/Users/HP/Devin1/VidyaPrayag/composeApp/src/commonMain/kotlin/com/littlebridge/enrollplus/ui/v2/screens/parent/ParentHomeworkScreenV2.kt:150:26 Cannot infer type for this 
parameter. Specify it explicitly.
e: file:///C:/Users/HP/Devin1/VidyaPrayag/composeApp/src/commonMain/kotlin/com/littlebridge/enrollplus/ui/v2/screens/parent/ParentHomeworkScreenV2.kt:150:26 Not enough information to infer type 
argument for 'B'.
e: file:///C:/Users/HP/Devin1/VidyaPrayag/composeApp/src/commonMain/kotlin/com/littlebridge/enrollplus/ui/v2/screens/parent/ParentHomeworkScreenV2.kt:150:40 Unresolved reference 'Gold'.
e: file:///C:/Users/HP/Devin1/VidyaPrayag/composeApp/src/commonMain/kotlin/com/littlebridge/enrollplus/ui/v2/screens/parent/ParentHomeworkScreenV2.kt:151:27 Cannot infer type for this 
parameter. Specify it explicitly.
e: file:///C:/Users/HP/Devin1/VidyaPrayag/composeApp/src/commonMain/kotlin/com/littlebridge/enrollplus/ui/v2/screens/parent/ParentHomeworkScreenV2.kt:151:27 Not enough information to infer type 
argument for 'B'.
e: file:///C:/Users/HP/Devin1/VidyaPrayag/composeApp/src/commonMain/kotlin/com/littlebridge/enrollplus/ui/v2/screens/parent/ParentHomeworkScreenV2.kt:151:41 Unresolved reference 'Coral'.
e: file:///C:/Users/HP/Devin1/VidyaPrayag/composeApp/src/commonMain/kotlin/com/littlebridge/enrollplus/ui/v2/screens/school/SchoolPeopleScreenV2.kt:187:100 Unresolved reference 'analyticsState'.
e: file:///C:/Users/HP/Devin1/VidyaPrayag/composeApp/src/commonMain/kotlin/com/littlebridge/enrollplus/ui/v2/screens/school/SchoolSettingsScreenV2.kt:221:18 Unresolved reference 
'navigationBarsPadding'.
e: file:///C:/Users/HP/Devin1/VidyaPrayag/composeApp/src/commonMain/kotlin/com/littlebridge/enrollplus/ui/v2/screens/school/SchoolSettingsScreenV2.kt:260:13 Unresolved reference 
'InstitutionalProfileHealthCard'.
e: file:///C:/Users/HP/Devin1/VidyaPrayag/composeApp/src/commonMain/kotlin/com/littlebridge/enrollplus/ui/v2/screens/school/SchoolSettingsScreenV2.kt:263:17 Cannot access 'fun SettingRow(label: 
String, value: String): Unit': it is private in file.
e: file:///C:/Users/HP/Devin1/VidyaPrayag/composeApp/src/commonMain/kotlin/com/littlebridge/enrollplus/ui/v2/screens/school/SchoolSettingsScreenV2.kt:264:17 Cannot access 'fun SettingRow(label: 
String, value: String): Unit': it is private in file.
e: file:///C:/Users/HP/Devin1/VidyaPrayag/composeApp/src/commonMain/kotlin/com/littlebridge/enrollplus/ui/v2/screens/school/SchoolSettingsScreenV2.kt:265:17 Cannot access 'fun SettingRow(label: 
String, value: String): Unit': it is private in file.
e: file:///C:/Users/HP/Devin1/VidyaPrayag/composeApp/src/commonMain/kotlin/com/littlebridge/enrollplus/ui/v2/screens/school/SchoolSettingsScreenV2.kt:266:17 Cannot access 'fun SettingRow(label: 
String, value: String): Unit': it is private in file.
e: file:///C:/Users/HP/Devin1/VidyaPrayag/composeApp/src/commonMain/kotlin/com/littlebridge/enrollplus/ui/v2/screens/school/SchoolSettingsScreenV2.kt:267:17 Cannot access 'fun SettingRow(label: 
String, value: String): Unit': it is private in file.
e: file:///C:/Users/HP/Devin1/VidyaPrayag/composeApp/src/commonMain/kotlin/com/littlebridge/enrollplus/ui/v2/screens/school/SchoolSettingsScreenV2.kt:268:17 Cannot access 'fun SettingRow(label: 
String, value: String): Unit': it is private in file.
e: file:///C:/Users/HP/Devin1/VidyaPrayag/composeApp/src/commonMain/kotlin/com/littlebridge/enrollplus/ui/v2/screens/school/SchoolSettingsScreenV2.kt:269:17 Cannot access 'fun SettingRow(label: 
String, value: String): Unit': it is private in file.
e: file:///C:/Users/HP/Devin1/VidyaPrayag/composeApp/src/commonMain/kotlin/com/littlebridge/enrollplus/ui/v2/screens/school/SchoolSettingsScreenV2.kt:270:17 Cannot access 'fun SettingRow(label: 
String, value: String): Unit': it is private in file.
e: file:///C:/Users/HP/Devin1/VidyaPrayag/composeApp/src/commonMain/kotlin/com/littlebridge/enrollplus/ui/v2/screens/school/SchoolSettingsScreenV2.kt:271:17 Cannot access 'fun SettingRow(label: 
String, value: String): Unit': it is private in file.
e: file:///C:/Users/HP/Devin1/VidyaPrayag/composeApp/src/commonMain/kotlin/com/littlebridge/enrollplus/ui/v2/screens/school/SchoolSettingsScreenV2.kt:272:17 Cannot access 'fun SettingRow(label: 
String, value: String): Unit': it is private in file.
e: file:///C:/Users/HP/Devin1/VidyaPrayag/composeApp/src/commonMain/kotlin/com/littlebridge/enrollplus/ui/v2/screens/school/SchoolSettingsScreenV2.kt:273:17 Cannot access 'fun SettingRow(label: 
String, value: String): Unit': it is private in file.
e: file:///C:/Users/HP/Devin1/VidyaPrayag/composeApp/src/commonMain/kotlin/com/littlebridge/enrollplus/ui/v2/screens/school/SchoolSettingsScreenV2.kt:274:17 Cannot access 'fun SettingRow(label: 
String, value: String): Unit': it is private in file.
e: file:///C:/Users/HP/Devin1/VidyaPrayag/composeApp/src/commonMain/kotlin/com/littlebridge/enrollplus/ui/v2/screens/school/SchoolSettingsScreenV2.kt:275:17 Cannot access 'fun SettingRow(label: 
String, value: String): Unit': it is private in file.
e: file:///C:/Users/HP/Devin1/VidyaPrayag/composeApp/src/commonMain/kotlin/com/littlebridge/enrollplus/ui/v2/screens/school/SchoolSettingsScreenV2.kt:289:17 Cannot access 'fun SettingRow(label: 
String, value: String): Unit': it is private in file.
e: file:///C:/Users/HP/Devin1/VidyaPrayag/composeApp/src/commonMain/kotlin/com/littlebridge/enrollplus/ui/v2/screens/school/SchoolSettingsScreenV2.kt:292:17 Unresolved reference 
'SettingsCreamCard'.
e: file:///C:/Users/HP/Devin1/VidyaPrayag/composeApp/src/commonMain/kotlin/com/littlebridge/enrollplus/ui/v2/screens/school/SchoolSettingsScreenV2.kt:293:39 Unresolved reference 'isComingSoon'.
e: file:///C:/Users/HP/Devin1/VidyaPrayag/composeApp/src/commonMain/kotlin/com/littlebridge/enrollplus/ui/v2/screens/school/SchoolSettingsScreenV2.kt:293:67 Unresolved reference 'onClick'.
e: file:///C:/Users/HP/Devin1/VidyaPrayag/composeApp/src/commonMain/kotlin/com/littlebridge/enrollplus/ui/v2/screens/school/SchoolSettingsScreenV2.kt:296:25 @Composable invocations can only 
happen from the context of a @Composable function
e: file:///C:/Users/HP/Devin1/VidyaPrayag/composeApp/src/commonMain/kotlin/com/littlebridge/enrollplus/ui/v2/screens/school/SchoolSettingsScreenV2.kt:304:42 Unresolved reference 'icon'.
e: file:///C:/Users/HP/Devin1/VidyaPrayag/composeApp/src/commonMain/kotlin/com/littlebridge/enrollplus/ui/v2/screens/school/SchoolSettingsScreenV2.kt:307:42 Unresolved reference 'title'.
e: file:///C:/Users/HP/Devin1/VidyaPrayag/composeApp/src/commonMain/kotlin/com/littlebridge/enrollplus/ui/v2/screens/school/SchoolSettingsScreenV2.kt:308:42 Unresolved reference 'sub'.
e: file:///C:/Users/HP/Devin1/VidyaPrayag/composeApp/src/commonMain/kotlin/com/littlebridge/enrollplus/ui/v2/screens/school/SchoolSettingsScreenV2.kt:310:37 Unresolved reference 'isComingSoon'.
e: file:///C:/Users/HP/Devin1/VidyaPrayag/composeApp/src/commonMain/kotlin/com/littlebridge/enrollplus/ui/v2/screens/school/SchoolSettingsScreenV2.kt:328:13 Unresolved reference 
'LanguageSettingCard'.
e: file:///C:/Users/HP/Devin1/VidyaPrayag/composeApp/src/commonMain/kotlin/com/littlebridge/enrollplus/ui/v2/screens/school/SchoolSettingsScreenV2.kt:334:13 Unresolved reference 
'AppearanceSettingCard'.
e: file:///C:/Users/HP/Devin1/VidyaPrayag/composeApp/src/commonMain/kotlin/com/littlebridge/enrollplus/ui/v2/screens/school/SchoolSettingsScreenV2.kt:386:1 Modifier 'private' is not applicable 
to 'local function'.
e: file:///C:/Users/HP/Devin1/VidyaPrayag/composeApp/src/commonMain/kotlin/com/littlebridge/enrollplus/ui/v2/screens/school/SchoolSettingsScreenV2.kt:510:1 Modifier 'private' is not applicable 
to 'local class'.
e: file:///C:/Users/HP/Devin1/VidyaPrayag/composeApp/src/commonMain/kotlin/com/littlebridge/enrollplus/ui/v2/screens/school/SchoolSettingsScreenV2.kt:521:1 Modifier 'private' is not applicable 
to 'local function'.
e: file:///C:/Users/HP/Devin1/VidyaPrayag/composeApp/src/commonMain/kotlin/com/littlebridge/enrollplus/ui/v2/screens/school/SchoolSettingsScreenV2.kt:527:5 Unresolved reference 
'SummarySettingCard'.
e: file:///C:/Users/HP/Devin1/VidyaPrayag/composeApp/src/commonMain/kotlin/com/littlebridge/enrollplus/ui/v2/screens/school/SchoolSettingsScreenV2.kt:538:1 Modifier 'private' is not applicable 
to 'local function'.
e: file:///C:/Users/HP/Devin1/VidyaPrayag/composeApp/src/commonMain/kotlin/com/littlebridge/enrollplus/ui/v2/screens/school/SchoolSettingsScreenV2.kt:551:5 Unresolved reference 
'SummarySettingCard'.
e: file:///C:/Users/HP/Devin1/VidyaPrayag/composeApp/src/commonMain/kotlin/com/littlebridge/enrollplus/ui/v2/screens/school/SchoolSettingsScreenV2.kt:562:1 Modifier 'private' is not applicable 
to 'local function'.
e: file:///C:/Users/HP/Devin1/VidyaPrayag/composeApp/src/commonMain/kotlin/com/littlebridge/enrollplus/ui/v2/screens/school/SchoolSettingsScreenV2.kt:570:5 Unresolved reference 
'SettingsCreamCard'.
e: file:///C:/Users/HP/Devin1/VidyaPrayag/composeApp/src/commonMain/kotlin/com/littlebridge/enrollplus/ui/v2/screens/school/SchoolSettingsScreenV2.kt:574:9 @Composable invocations can only 
happen from the context of a @Composable function
e: file:///C:/Users/HP/Devin1/VidyaPrayag/composeApp/src/commonMain/kotlin/com/littlebridge/enrollplus/ui/v2/screens/school/SchoolSettingsScreenV2.kt:598:1 Modifier 'private' is not applicable 
to 'local function'.
e: file:///C:/Users/HP/Devin1/VidyaPrayag/composeApp/src/commonMain/kotlin/com/littlebridge/enrollplus/ui/v2/screens/school/SchoolSettingsScreenV2.kt:620:1 Modifier 'private' is not applicable 
to 'local function'.
e: file:///C:/Users/HP/Devin1/VidyaPrayag/composeApp/src/commonMain/kotlin/com/littlebridge/enrollplus/ui/v2/screens/school/SchoolSettingsScreenV2.kt:633:2 Syntax error: Expecting '}'.

> Task :composeApp:compileDevDebugKotlinAndroid FAILED

[Incubating] Problems report is available at: file:///C:/Users/HP/Devin1/VidyaPrayag/build/reports/problems/problems-report.html

FAILURE: Build failed with an exception.

* What went wrong:
Execution failed for task ':composeApp:compileDevDebugKotlinAndroid'.
> A failure occurred while executing org.jetbrains.kotlin.compilerRunner.GradleCompilerRunnerWithWorkers$GradleKotlinCompilerWorkAction
   > Compilation error. See log for more details

* Try:
> Run with --stacktrace option to get the stack trace.
> Run with --info or --debug option to get more log output.
> Run with --scan to get full insights from a Build Scan (powered by Develocity).
> Get more help at https://help.gradle.org.

Deprecated Gradle features were used in this build, making it incompatible with Gradle 10.

You can use '--warning-mode all' to show the individual deprecation warnings and determine if they come from your own scripts or plugins.

For more on this, please refer to https://docs.gradle.org/9.4.1/userguide/command_line_interface.html#sec:command_line_warnings in the Gradle documentation.

BUILD FAILED in 2m 40s
43 actionable tasks: 43 executed
