To honour the JVM settings for this build a single-use Daemon process will be forked. For more on this, please refer to https://docs.gradle.org/9.4.1/userguide/gradle_daemon.html#sec:disabling_the_daemon in the Gradle documentation.
Daemon will be stopped at the end of the build 
Type-safe project accessors is an incubating feature.

> Configure project :composeApp
WARNING: The option setting 'android.usesSdkInManifest.disallowed=false' is deprecated.
The current default is 'true'.
It will be removed in version 10.0 of the Android Gradle plugin.
WARNING: The option setting 'android.sdk.defaultTargetSdkToCompileSdkIfUnset=false' is deprecated.
The current default is 'true'.
It will be removed in version 10.0 of the Android Gradle plugin.
WARNING: The option setting 'android.enableAppCompileTimeRClass=false' is deprecated.
The current default is 'true'.
It will be removed in version 10.0 of the Android Gradle plugin.
WARNING: The option setting 'android.builtInKotlin=false' is deprecated.
The current default is 'true'.
It will be removed in version 10.0 of the Android Gradle plugin.
WARNING: The option setting 'android.newDsl=false' is deprecated.
The current default is 'true'.
It will be removed in version 10.0 of the Android Gradle plugin.
WARNING: The option setting 'android.r8.optimizedResourceShrinking=false' is deprecated.
The current default is 'true'.
It will be removed in version 10.0 of the Android Gradle plugin.
WARNING: The option setting 'android.defaults.buildfeatures.resvalues=true' is deprecated.
The current default is 'false'.
It will be removed in version 10.0 of the Android Gradle plugin.
[VidyaPrayag] dev flavor baseUrl = http://127.0.0.1:8080
WARNING: API 'applicationVariants' is obsolete and has been replaced with 'AndroidComponentsExtension'.
It will be removed in version 10.0 of the Android Gradle plugin.
The legacy variant API is disabled by default in AGP 9.0, but can be re-enabled by adding 
    android.newDsl=false
to this project's gradle.properties file.
For more information, see http://developer.android.com/build/r/new-dsl.

To determine what is calling applicationVariants, use -Pandroid.debug.obsoleteApi=true on the command line to display more information.
WARNING: API 'testVariants' is obsolete and has been replaced with 'AndroidComponentsExtension'.
It will be removed in version 10.0 of the Android Gradle plugin.
The legacy variant API is disabled by default in AGP 9.0, but can be re-enabled by adding 
    android.newDsl=false
to this project's gradle.properties file.
For more information, see http://developer.android.com/build/r/new-dsl.

To determine what is calling testVariants, use -Pandroid.debug.obsoleteApi=true on the command line to display more information.
WARNING: API 'unitTestVariants' is obsolete and has been replaced with 'AndroidComponentsExtension'.
It will be removed in version 10.0 of the Android Gradle plugin.
The legacy variant API is disabled by default in AGP 9.0, but can be re-enabled by adding 
    android.newDsl=false
to this project's gradle.properties file.
For more information, see http://developer.android.com/build/r/new-dsl.

To determine what is calling unitTestVariants, use -Pandroid.debug.obsoleteApi=true on the command line to display more information.
WARNING: The property android.dependency.excludeLibraryComponentsFromConstraints improves project import performance for very large projects. It should be enabled to improve performance.
To suppress this warning, add android.generateSyncIssueWhenLibraryConstraintsAreEnabled=false to gradle.properties
WARNING: The property android.dependency.excludeLibraryComponentsFromConstraints improves project import performance for very large projects. It should be enabled to improve performance.
To suppress this warning, add android.generateSyncIssueWhenLibraryConstraintsAreEnabled=false to gradle.properties
WARNING: The property android.dependency.excludeLibraryComponentsFromConstraints improves project import performance for very large projects. It should be enabled to improve performance.
To suppress this warning, add android.generateSyncIssueWhenLibraryConstraintsAreEnabled=false to gradle.properties
WARNING: The property android.dependency.excludeLibraryComponentsFromConstraints improves project import performance for very large projects. It should be enabled to improve performance.
To suppress this warning, add android.generateSyncIssueWhenLibraryConstraintsAreEnabled=false to gradle.properties
WARNING: The property android.dependency.excludeLibraryComponentsFromConstraints improves project import performance for very large projects. It should be enabled to improve performance.
To suppress this warning, add android.generateSyncIssueWhenLibraryConstraintsAreEnabled=false to gradle.properties
WARNING: The property android.dependency.excludeLibraryComponentsFromConstraints improves project import performance for very large projects. It should be enabled to improve performance.
To suppress this warning, add android.generateSyncIssueWhenLibraryConstraintsAreEnabled=false to gradle.properties
WARNING: The property android.dependency.excludeLibraryComponentsFromConstraints improves project import performance for very large projects. It should be enabled to improve performance.
To suppress this warning, add android.generateSyncIssueWhenLibraryConstraintsAreEnabled=false to gradle.properties
WARNING: The property android.dependency.excludeLibraryComponentsFromConstraints improves project import performance for very large projects. It should be enabled to improve performance.
To suppress this warning, add android.generateSyncIssueWhenLibraryConstraintsAreEnabled=false to gradle.properties
WARNING: The property android.dependency.excludeLibraryComponentsFromConstraints improves project import performance for very large projects. It should be enabled to improve performance.
To suppress this warning, add android.generateSyncIssueWhenLibraryConstraintsAreEnabled=false to gradle.properties
WARNING: The property android.dependency.excludeLibraryComponentsFromConstraints improves project import performance for very large projects. It should be enabled to improve performance.
To suppress this warning, add android.generateSyncIssueWhenLibraryConstraintsAreEnabled=false to gradle.properties
WARNING: The property android.dependency.excludeLibraryComponentsFromConstraints improves project import performance for very large projects. It should be enabled to improve performance.
To suppress this warning, add android.generateSyncIssueWhenLibraryConstraintsAreEnabled=false to gradle.properties
WARNING: The property android.dependency.excludeLibraryComponentsFromConstraints improves project import performance for very large projects. It should be enabled to improve performance.
To suppress this warning, add android.generateSyncIssueWhenLibraryConstraintsAreEnabled=false to gradle.properties
w: Deprecated 'Android Style' Source Directory
Usage of 'Android Style' source directory composeApp\src\androidTest\kotlin is deprecated.
Use composeApp\src\androidInstrumentedTest\kotlin instead.

To suppress this warning: put the following in your gradle.properties:
kotlin.mpp.androidSourceSetLayoutV2AndroidStyleDirs.nowarn=true
Solution: Please migrate to the new source directory: composeApp\src\androidInstrumentedTest\kotlin
Learn more: https://kotl.in/android-source-set-layout-v2

w: Disabled Kotlin/Native Targets
The following Kotlin/Native targets cannot be built on this machine and are disabled:
iosArm64, iosSimulatorArm64
Solution: To hide this message, add 'kotlin.native.ignoreDisabledTargets=true' to the Gradle properties.

w: Kotlin/Native and Kotlin Versions Incompatible
'2.1.0' Kotlin/Native is being used with an newer '2.2.10' Kotlin.
Solution: Please adjust versions to avoid incompatibilities.


> Configure project :shared
[VidyaPrayag] dev flavor baseUrl = http://127.0.0.1:8080
WARNING: API 'libraryVariants' is obsolete and has been replaced with 'AndroidComponentsExtension'.
It will be removed in version 10.0 of the Android Gradle plugin.
The legacy variant API is disabled by default in AGP 9.0, but can be re-enabled by adding 
    android.newDsl=false
to this project's gradle.properties file.
For more information, see http://developer.android.com/build/r/new-dsl.

To determine what is calling libraryVariants, use -Pandroid.debug.obsoleteApi=true on the command line to display more information.
WARNING: The property android.dependency.excludeLibraryComponentsFromConstraints improves project import performance for very large projects. It should be enabled to improve performance.
To suppress this warning, add android.generateSyncIssueWhenLibraryConstraintsAreEnabled=false to gradle.properties
WARNING: The property android.dependency.excludeLibraryComponentsFromConstraints improves project import performance for very large projects. It should be enabled to improve performance.
To suppress this warning, add android.generateSyncIssueWhenLibraryConstraintsAreEnabled=false to gradle.properties
WARNING: The property android.dependency.excludeLibraryComponentsFromConstraints improves project import performance for very large projects. It should be enabled to improve performance.
To suppress this warning, add android.generateSyncIssueWhenLibraryConstraintsAreEnabled=false to gradle.properties
WARNING: The property android.dependency.excludeLibraryComponentsFromConstraints improves project import performance for very large projects. It should be enabled to improve performance.
To suppress this warning, add android.generateSyncIssueWhenLibraryConstraintsAreEnabled=false to gradle.properties
WARNING: The property android.dependency.excludeLibraryComponentsFromConstraints improves project import performance for very large projects. It should be enabled to improve performance.
To suppress this warning, add android.generateSyncIssueWhenLibraryConstraintsAreEnabled=false to gradle.properties
WARNING: The property android.dependency.excludeLibraryComponentsFromConstraints improves project import performance for very large projects. It should be enabled to improve performance.
To suppress this warning, add android.generateSyncIssueWhenLibraryConstraintsAreEnabled=false to gradle.properties
WARNING: The property android.dependency.excludeLibraryComponentsFromConstraints improves project import performance for very large projects. It should be enabled to improve performance.
To suppress this warning, add android.generateSyncIssueWhenLibraryConstraintsAreEnabled=false to gradle.properties
WARNING: The property android.dependency.excludeLibraryComponentsFromConstraints improves project import performance for very large projects. It should be enabled to improve performance.
To suppress this warning, add android.generateSyncIssueWhenLibraryConstraintsAreEnabled=false to gradle.properties
WARNING: The property android.dependency.excludeLibraryComponentsFromConstraints improves project import performance for very large projects. It should be enabled to improve performance.
To suppress this warning, add android.generateSyncIssueWhenLibraryConstraintsAreEnabled=false to gradle.properties
WARNING: The property android.dependency.excludeLibraryComponentsFromConstraints improves project import performance for very large projects. It should be enabled to improve performance.
To suppress this warning, add android.generateSyncIssueWhenLibraryConstraintsAreEnabled=false to gradle.properties
WARNING: The property android.dependency.excludeLibraryComponentsFromConstraints improves project import performance for very large projects. It should be enabled to improve performance.
To suppress this warning, add android.generateSyncIssueWhenLibraryConstraintsAreEnabled=false to gradle.properties
WARNING: The property android.dependency.excludeLibraryComponentsFromConstraints improves project import performance for very large projects. It should be enabled to improve performance.
To suppress this warning, add android.generateSyncIssueWhenLibraryConstraintsAreEnabled=false to gradle.properties
w: Disabled Kotlin/Native Targets
The following Kotlin/Native targets cannot be built on this machine and are disabled:
iosArm64, iosSimulatorArm64
Solution: To hide this message, add 'kotlin.native.ignoreDisabledTargets=true' to the Gradle properties.

w: Kotlin/Native and Kotlin Versions Incompatible
'2.1.0' Kotlin/Native is being used with an newer '2.2.10' Kotlin.
Solution: Please adjust versions to avoid incompatibilities.

w: Default Kotlin Hierarchy Template Not Applied Correctly
The Default Kotlin Hierarchy Template was not applied to 'project ':shared'':
Explicit .dependsOn() edges were configured for the following source sets:
[androidMain, iosArm64Main, iosSimulatorArm64Main, jvmMain, roomMain]

Consider removing dependsOn-calls or disabling the default template by adding
    'kotlin.mpp.applyDefaultHierarchyTemplate=false'
to your gradle.properties
Solution: Please remove the dependsOn-calls or disable the default template.
Learn more about hierarchy templates: https://kotl.in/hierarchy-template

w: Unused Kotlin Source Sets
The Kotlin source set iosMain was configured but not added to any Kotlin compilation.
Solution: You can add a source set to a target's compilation by connecting it with the compilation's default source set using 'dependsOn'.
See https://kotl.in/connecting-source-sets


> Task :server:checkKotlinGradlePluginConfigurationErrors SKIPPED
> Task :server:processResources
> Task :composeApp:checkKotlinGradlePluginConfigurationErrors SKIPPED
> Task :composeApp:convertXmlValueResourcesForAndroidMain NO-SOURCE
> Task :composeApp:copyNonXmlValueResourcesForAndroidMain NO-SOURCE
> Task :composeApp:prepareComposeResourcesTaskForAndroidMain NO-SOURCE
> Task :composeApp:generateResourceAccessorsForAndroidMain NO-SOURCE
> Task :composeApp:convertXmlValueResourcesForCommonMain UP-TO-DATE
> Task :composeApp:copyNonXmlValueResourcesForCommonMain
> Task :composeApp:prepareComposeResourcesTaskForCommonMain
> Task :composeApp:generateResourceAccessorsForCommonMain
> Task :composeApp:generateActualResourceCollectorsForAndroidMain UP-TO-DATE
> Task :composeApp:generateComposeResClass
> Task :composeApp:preBuild UP-TO-DATE
> Task :composeApp:preDevDebugBuild UP-TO-DATE
> Task :composeApp:generateDevDebugBuildConfig UP-TO-DATE
> Task :composeApp:generateExpectResourceCollectorsForCommonMain UP-TO-DATE
> Task :composeApp:convertXmlValueResourcesForAndroidDebug NO-SOURCE
> Task :composeApp:copyNonXmlValueResourcesForAndroidDebug NO-SOURCE
> Task :composeApp:prepareComposeResourcesTaskForAndroidDebug NO-SOURCE
> Task :composeApp:generateResourceAccessorsForAndroidDebug NO-SOURCE
> Task :composeApp:convertXmlValueResourcesForAndroidDev NO-SOURCE
> Task :composeApp:copyNonXmlValueResourcesForAndroidDev NO-SOURCE
> Task :composeApp:prepareComposeResourcesTaskForAndroidDev NO-SOURCE
> Task :composeApp:generateResourceAccessorsForAndroidDev NO-SOURCE
> Task :composeApp:convertXmlValueResourcesForAndroidDevDebug NO-SOURCE
> Task :composeApp:copyNonXmlValueResourcesForAndroidDevDebug NO-SOURCE
> Task :composeApp:prepareComposeResourcesTaskForAndroidDevDebug NO-SOURCE
> Task :composeApp:generateResourceAccessorsForAndroidDevDebug NO-SOURCE
> Task :shared:preBuild UP-TO-DATE
> Task :shared:preDevDebugBuild UP-TO-DATE
> Task :shared:writeDevDebugAarMetadata UP-TO-DATE
> Task :composeApp:checkDevDebugAarMetadata UP-TO-DATE
> Task :composeApp:generateDevDebugResValues UP-TO-DATE
> Task :composeApp:processDevDebugGoogleServices UP-TO-DATE
> Task :composeApp:mapDevDebugSourceSetPaths UP-TO-DATE
> Task :shared:processDevDebugNavigationResources UP-TO-DATE
> Task :composeApp:processDevDebugNavigationResources UP-TO-DATE
> Task :composeApp:compileDevDebugNavigationResources UP-TO-DATE
> Task :composeApp:generateDevDebugResources UP-TO-DATE
> Task :shared:generateDevDebugResValues UP-TO-DATE
> Task :shared:generateDevDebugResources UP-TO-DATE
> Task :shared:packageDevDebugResources UP-TO-DATE
> Task :composeApp:mergeDevDebugResources UP-TO-DATE
> Task :composeApp:copyDevDebugComposeResourcesToAndroidAssets UP-TO-DATE
> Task :composeApp:packageDevDebugResources UP-TO-DATE
> Task :composeApp:parseDevDebugLocalResources UP-TO-DATE
> Task :composeApp:createDevDebugCompatibleScreenManifests UP-TO-DATE
> Task :composeApp:extractDeepLinksDevDebug UP-TO-DATE
> Task :shared:extractDeepLinksDevDebug UP-TO-DATE
> Task :shared:processDevDebugManifest UP-TO-DATE
> Task :composeApp:processDevDebugMainManifest UP-TO-DATE
> Task :composeApp:processDevDebugManifest UP-TO-DATE
> Task :composeApp:processDevDebugManifestForPackage UP-TO-DATE
> Task :shared:mapDevDebugSourceSetPaths UP-TO-DATE
> Task :shared:compileDevDebugLibraryResources UP-TO-DATE
> Task :shared:parseDevDebugLocalResources UP-TO-DATE
> Task :shared:generateDevDebugRFile UP-TO-DATE
> Task :composeApp:processDevDebugResources UP-TO-DATE
> Task :shared:checkKotlinGradlePluginConfigurationErrors SKIPPED
> Task :shared:generateDevDebugBuildConfig UP-TO-DATE
> Task :shared:kspDevDebugKotlinAndroid UP-TO-DATE
> Task :shared:compileDevDebugKotlinAndroid UP-TO-DATE
> Task :shared:javaPreCompileDevDebug UP-TO-DATE
> Task :shared:compileDevDebugJavaWithJavac UP-TO-DATE
> Task :shared:bundleLibCompileToJarDevDebug UP-TO-DATE
> Task :composeApp:compileDevDebugKotlinAndroid UP-TO-DATE
> Task :server:compileKotlin
w: file:///C:/Users/HP/Devin1/VidyaPrayag/server/src/main/kotlin/com/littlebridge/enrollplus/db/DatabaseFactory.kt:136:9 'object HolidayListTable : UUIDTable' is deprecated. D-TT-5 / T-102: holidays now live in calendar_events(HOLIDAY,PUBLISHED). Read CalendarEventsTable instead; holiday_list is migrated by migration_012 and will be dropped once the two legacy readers are repointed.
w: file:///C:/Users/HP/Devin1/VidyaPrayag/server/src/main/kotlin/com/littlebridge/enrollplus/db/DatabaseFactory.kt:152:9 'object ExamResultsTable : UUIDTable' is deprecated. T-301 / X-6: superseded by AssessmentsTable + AssessmentMarksTable (the single canonical marks model). Retained read-only for the 5 school-admin readers; migration_015 mirrors numeric rows into assessments. Do NOT write new teacher marks here.
w: file:///C:/Users/HP/Devin1/VidyaPrayag/server/src/main/kotlin/com/littlebridge/enrollplus/db/DemoSeed.kt:751:51 'val studentId: Column<String>' is deprecated. T-301 / D-ASMT-3: identity moves to studentRef (FK students.id). This student_code text column is retained for the legacy /marks reader + ParentAcademicsRouting until they are repointed (T-303 / parent rebuild).
w: file:///C:/Users/HP/Devin1/VidyaPrayag/server/src/main/kotlin/com/littlebridge/enrollplus/db/DemoSeed.kt:761:24 'val studentId: Column<String>' is deprecated. T-301 / D-ASMT-3: identity moves to studentRef (FK students.id). This student_code text column is retained for the legacy /marks reader + ParentAcademicsRouting until they are repointed (T-303 / parent rebuild).
w: file:///C:/Users/HP/Devin1/VidyaPrayag/server/src/main/kotlin/com/littlebridge/enrollplus/db/DemoSeed.kt:762:24 'val studentName: Column<String>' is deprecated. T-301 / X-4: name is joined from students for display, not stored as truth. Retained nullable until legacy readers stop selecting it.
w: file:///C:/Users/HP/Devin1/VidyaPrayag/server/src/main/kotlin/com/littlebridge/enrollplus/db/Tables.kt:1059:65 'val studentId: Column<String>' is deprecated. T-301 / D-ASMT-3: identity moves to studentRef (FK students.id). This student_code text column is retained for the legacy /marks reader + ParentAcademicsRouting until they are repointed (T-303 / parent rebuild).
w: file:///C:/Users/HP/Devin1/VidyaPrayag/server/src/main/kotlin/com/littlebridge/enrollplus/feature/ai/SyllabusPaceService.kt:168:17 Condition is always 'true'.
w: file:///C:/Users/HP/Devin1/VidyaPrayag/server/src/main/kotlin/com/littlebridge/enrollplus/feature/ai/SyllabusPaceService.kt:168:34 Condition is always 'true'.
w: file:///C:/Users/HP/Devin1/VidyaPrayag/server/src/main/kotlin/com/littlebridge/enrollplus/feature/ai/SyllabusPaceService.kt:174:24 Condition is always 'true'.
w: file:///C:/Users/HP/Devin1/VidyaPrayag/server/src/main/kotlin/com/littlebridge/enrollplus/feature/export/BrandedPdfExporter.kt:48:45 'constructor(p0: String!): URL' is deprecated. Deprecated in Java.
w: file:///C:/Users/HP/Devin1/VidyaPrayag/server/src/main/kotlin/com/littlebridge/enrollplus/feature/export/ExportService.kt:323:46 'val studentId: Column<String>' is deprecated. T-301 / D-ASMT-3: identity moves to studentRef (FK students.id). This student_code text column is retained for the legacy /marks reader + ParentAcademicsRouting until they are repointed (T-303 / parent rebuild).
w: file:///C:/Users/HP/Devin1/VidyaPrayag/server/src/main/kotlin/com/littlebridge/enrollplus/feature/export/ExportService.kt:324:46 'val studentName: Column<String>' is deprecated. T-301 / X-4: name is joined from students for display, not stored as truth. Retained nullable until legacy readers stop selecting it.
w: file:///C:/Users/HP/Devin1/VidyaPrayag/server/src/main/kotlin/com/littlebridge/enrollplus/feature/i18n/LanguagePrefHistoryRepository.kt:57:18 'fun FieldSet.select(where: SqlExpressionBuilder.() -> Op<Boolean>): Query' is deprecated. As part of SELECT DSL design changes, this will be removed in future releases.
w: file:///C:/Users/HP/Devin1/VidyaPrayag/server/src/main/kotlin/com/littlebridge/enrollplus/feature/i18n/LanguagePrefHistoryRepository.kt:75:18 'fun FieldSet.select(where: SqlExpressionBuilder.() -> Op<Boolean>): Query' is deprecated. As part of SELECT DSL design changes, this will be removed in future releases.
w: file:///C:/Users/HP/Devin1/VidyaPrayag/server/src/main/kotlin/com/littlebridge/enrollplus/feature/library/LibraryRepository.kt:286:63 Unchecked cast of 'Any?' to 'List<String>'.
w: file:///C:/Users/HP/Devin1/VidyaPrayag/server/src/main/kotlin/com/littlebridge/enrollplus/feature/parent/ParentAcademicsRouting.kt:32:8 'object HolidayListTable : UUIDTable' is deprecated. D-TT-5 / T-102: holidays now live in calendar_events(HOLIDAY,PUBLISHED). Read CalendarEventsTable instead; holiday_list is migrated by migration_012 and will be dropped once the two legacy readers are repointed.
w: file:///C:/Users/HP/Devin1/VidyaPrayag/server/src/main/kotlin/com/littlebridge/enrollplus/feature/parent/ParentAcademicsRouting.kt:491:21 'object HolidayListTable : UUIDTable' is deprecated. D-TT-5 / T-102: holidays now live in calendar_events(HOLIDAY,PUBLISHED). Read CalendarEventsTable instead; holiday_list is migrated by migration_012 and will be dropped once the two legacy readers are repointed.
w: file:///C:/Users/HP/Devin1/VidyaPrayag/server/src/main/kotlin/com/littlebridge/enrollplus/feature/parent/ParentAcademicsRouting.kt:492:25 'object HolidayListTable : UUIDTable' is deprecated. D-TT-5 / T-102: holidays now live in calendar_events(HOLIDAY,PUBLISHED). Read CalendarEventsTable instead; holiday_list is migrated by migration_012 and will be dropped once the two legacy readers are repointed.
w: file:///C:/Users/HP/Devin1/VidyaPrayag/server/src/main/kotlin/com/littlebridge/enrollplus/feature/parent/ParentAcademicsRouting.kt:495:39 'object HolidayListTable : UUIDTable' is deprecated. D-TT-5 / T-102: holidays now live in calendar_events(HOLIDAY,PUBLISHED). Read CalendarEventsTable instead; holiday_list is migrated by migration_012 and will be dropped once the two legacy readers are repointed.
w: file:///C:/Users/HP/Devin1/VidyaPrayag/server/src/main/kotlin/com/littlebridge/enrollplus/feature/parent/ParentAcademicsRouting.kt:496:40 'object HolidayListTable : UUIDTable' is deprecated. D-TT-5 / T-102: holidays now live in calendar_events(HOLIDAY,PUBLISHED). Read CalendarEventsTable instead; holiday_list is migrated by migration_012 and will be dropped once the two legacy readers are repointed.
w: file:///C:/Users/HP/Devin1/VidyaPrayag/server/src/main/kotlin/com/littlebridge/enrollplus/feature/parent/ParentAcademicsRouting.kt:497:39 'object HolidayListTable : UUIDTable' is deprecated. D-TT-5 / T-102: holidays now live in calendar_events(HOLIDAY,PUBLISHED). Read CalendarEventsTable instead; holiday_list is migrated by migration_012 and will be dropped once the two legacy readers are repointed.
w: file:///C:/Users/HP/Devin1/VidyaPrayag/server/src/main/kotlin/com/littlebridge/enrollplus/feature/parent/ParentAcademicsRouting.kt:498:44 'object HolidayListTable : UUIDTable' is deprecated. D-TT-5 / T-102: holidays now live in calendar_events(HOLIDAY,PUBLISHED). Read CalendarEventsTable instead; holiday_list is migrated by migration_012 and will be dropped once the two legacy readers are repointed.
w: file:///C:/Users/HP/Devin1/VidyaPrayag/server/src/main/kotlin/com/littlebridge/enrollplus/feature/parent/ParentAcademicsRouting.kt:546:55 'val studentId: Column<String>' is deprecated. T-301 / D-ASMT-3: identity moves to studentRef (FK students.id). This student_code text column is retained for the legacy /marks reader + ParentAcademicsRouting until they are repointed (T-303 / parent rebuild).
w: file:///C:/Users/HP/Devin1/VidyaPrayag/server/src/main/kotlin/com/littlebridge/enrollplus/feature/pews/PewsSnapshotService.kt:40:8 'object ExamResultsTable : UUIDTable' is deprecated. T-301 / X-6: superseded by AssessmentsTable + AssessmentMarksTable (the single canonical marks model). Retained read-only for the 5 school-admin readers; migration_015 mirrors numeric rows into assessments. Do NOT write new teacher marks here.
w: file:///C:/Users/HP/Devin1/VidyaPrayag/server/src/main/kotlin/com/littlebridge/enrollplus/feature/pews/PewsSnapshotService.kt:207:49 'val studentId: Column<String>' is deprecated. T-301 / D-ASMT-3: identity moves to studentRef (FK students.id). This student_code text column is retained for the legacy /marks reader + ParentAcademicsRouting until they are repointed (T-303 / parent rebuild).
w: file:///C:/Users/HP/Devin1/VidyaPrayag/server/src/main/kotlin/com/littlebridge/enrollplus/feature/pews/PewsSnapshotService.kt:283:9 'object ExamResultsTable : UUIDTable' is deprecated. T-301 / X-6: superseded by AssessmentsTable + AssessmentMarksTable (the single canonical marks model). Retained read-only for the 5 school-admin readers; migration_015 mirrors numeric rows into assessments. Do NOT write new teacher marks here.
w: file:///C:/Users/HP/Devin1/VidyaPrayag/server/src/main/kotlin/com/littlebridge/enrollplus/feature/pews/PewsSnapshotService.kt:284:14 'object ExamResultsTable : UUIDTable' is deprecated. T-301 / X-6: superseded by AssessmentsTable + AssessmentMarksTable (the single canonical marks model). Retained read-only for the 5 school-admin readers; migration_015 mirrors numeric rows into assessments. Do NOT write new teacher marks here.
w: file:///C:/Users/HP/Devin1/VidyaPrayag/server/src/main/kotlin/com/littlebridge/enrollplus/feature/pews/PewsSnapshotService.kt:285:18 'object ExamResultsTable : UUIDTable' is deprecated. T-301 / X-6: superseded by AssessmentsTable + AssessmentMarksTable (the single canonical marks model). Retained read-only for the 5 school-admin readers; migration_015 mirrors numeric rows into assessments. Do NOT write new teacher marks here.
w: file:///C:/Users/HP/Devin1/VidyaPrayag/server/src/main/kotlin/com/littlebridge/enrollplus/feature/pews/PewsSnapshotService.kt:287:28 'object ExamResultsTable : UUIDTable' is deprecated. T-301 / X-6: superseded by AssessmentsTable + AssessmentMarksTable (the single canonical marks model). Retained read-only for the 5 school-admin readers; migration_015 mirrors numeric rows into assessments. Do NOT write new teacher marks here.
w: file:///C:/Users/HP/Devin1/VidyaPrayag/server/src/main/kotlin/com/littlebridge/enrollplus/feature/pews/PewsSnapshotService.kt:288:32 'object ExamResultsTable : UUIDTable' is deprecated. T-301 / X-6: superseded by AssessmentsTable + AssessmentMarksTable (the single canonical marks model). Retained read-only for the 5 school-admin readers; migration_015 mirrors numeric rows into assessments. Do NOT write new teacher marks here.
w: file:///C:/Users/HP/Devin1/VidyaPrayag/server/src/main/kotlin/com/littlebridge/enrollplus/feature/pews/PewsSnapshotService.kt:295:9 'object ExamResultsTable : UUIDTable' is deprecated. T-301 / X-6: superseded by AssessmentsTable + AssessmentMarksTable (the single canonical marks model). Retained read-only for the 5 school-admin readers; migration_015 mirrors numeric rows into assessments. Do NOT write new teacher marks here.
w: file:///C:/Users/HP/Devin1/VidyaPrayag/server/src/main/kotlin/com/littlebridge/enrollplus/feature/pews/PewsSnapshotService.kt:296:14 'object ExamResultsTable : UUIDTable' is deprecated. T-301 / X-6: superseded by AssessmentsTable + AssessmentMarksTable (the single canonical marks model). Retained read-only for the 5 school-admin readers; migration_015 mirrors numeric rows into assessments. Do NOT write new teacher marks here.
w: file:///C:/Users/HP/Devin1/VidyaPrayag/server/src/main/kotlin/com/littlebridge/enrollplus/feature/pews/PewsSnapshotService.kt:297:18 'object ExamResultsTable : UUIDTable' is deprecated. T-301 / X-6: superseded by AssessmentsTable + AssessmentMarksTable (the single canonical marks model). Retained read-only for the 5 school-admin readers; migration_015 mirrors numeric rows into assessments. Do NOT write new teacher marks here.
w: file:///C:/Users/HP/Devin1/VidyaPrayag/server/src/main/kotlin/com/littlebridge/enrollplus/feature/pews/PewsSnapshotService.kt:299:28 'object ExamResultsTable : UUIDTable' is deprecated. T-301 / X-6: superseded by AssessmentsTable + AssessmentMarksTable (the single canonical marks model). Retained read-only for the 5 school-admin readers; migration_015 mirrors numeric rows into assessments. Do NOT write new teacher marks here.
w: file:///C:/Users/HP/Devin1/VidyaPrayag/server/src/main/kotlin/com/littlebridge/enrollplus/feature/platform/ApiHealthCheckService.kt:136:23 'constructor(p0: String!): URL' is deprecated. Deprecated in Java.
w: file:///C:/Users/HP/Devin1/VidyaPrayag/server/src/main/kotlin/com/littlebridge/enrollplus/feature/platform/PlatformDashboardService.kt:74:31 'fun slice(column: Expression<*>, vararg columns: Expression<*>): FieldSet' is deprecated. As part of SELECT DSL design changes, this will be removed in future releases.
w: file:///C:/Users/HP/Devin1/VidyaPrayag/server/src/main/kotlin/com/littlebridge/enrollplus/feature/platform/PlatformDashboardService.kt:87:31 'fun slice(column: Expression<*>, vararg columns: Expression<*>): FieldSet' is deprecated. As part of SELECT DSL design changes, this will be removed in future releases.
w: file:///C:/Users/HP/Devin1/VidyaPrayag/server/src/main/kotlin/com/littlebridge/enrollplus/feature/platform/PlatformDashboardService.kt:100:31 'fun slice(column: Expression<*>, vararg columns: Expression<*>): FieldSet' is deprecated. As part of SELECT DSL design changes, this will be removed in future releases.
w: file:///C:/Users/HP/Devin1/VidyaPrayag/server/src/main/kotlin/com/littlebridge/enrollplus/feature/pulse/ParentPulseService.kt:412:55 'val studentId: Column<String>' is deprecated. T-301 / D-ASMT-3: identity moves to studentRef (FK students.id). This student_code text column is retained for the legacy /marks reader + ParentAcademicsRouting until they are repointed (T-303 / parent rebuild).
w: file:///C:/Users/HP/Devin1/VidyaPrayag/server/src/main/kotlin/com/littlebridge/enrollplus/feature/pulse/ParentPulseService.kt:417:51 'val studentId: Column<String>' is deprecated. T-301 / D-ASMT-3: identity moves to studentRef (FK students.id). This student_code text column is retained for the legacy /marks reader + ParentAcademicsRouting until they are repointed (T-303 / parent rebuild).
w: file:///C:/Users/HP/Devin1/VidyaPrayag/server/src/main/kotlin/com/littlebridge/enrollplus/feature/reportcard/narrator/NarratorTools.kt:130:42 'val studentId: Column<String>' is deprecated. T-301 / D-ASMT-3: identity moves to studentRef (FK students.id). This student_code text column is retained for the legacy /marks reader + ParentAcademicsRouting until they are repointed (T-303 / parent rebuild).
w: file:///C:/Users/HP/Devin1/VidyaPrayag/server/src/main/kotlin/com/littlebridge/enrollplus/feature/reportcard/rollup/ReportRollupService.kt:277:34 'val studentId: Column<String>' is deprecated. T-301 / D-ASMT-3: identity moves to studentRef (FK students.id). This student_code text column is retained for the legacy /marks reader + ParentAcademicsRouting until they are repointed (T-303 / parent rebuild).
w: file:///C:/Users/HP/Devin1/VidyaPrayag/server/src/main/kotlin/com/littlebridge/enrollplus/feature/reportcard/rollup/ReportRollupService.kt:369:34 'val studentId: Column<String>' is deprecated. T-301 / D-ASMT-3: identity moves to studentRef (FK students.id). This student_code text column is retained for the legacy /marks reader + ParentAcademicsRouting until they are repointed (T-303 / parent rebuild).
w: file:///C:/Users/HP/Devin1/VidyaPrayag/server/src/main/kotlin/com/littlebridge/enrollplus/feature/school/AdminDashboardOverviewRouting.kt:52:8 'object ExamResultsTable : UUIDTable' is deprecated. T-301 / X-6: superseded by AssessmentsTable + AssessmentMarksTable (the single canonical marks model). Retained read-only for the 5 school-admin readers; migration_015 mirrors numeric rows into assessments. Do NOT write new teacher marks here.
w: file:///C:/Users/HP/Devin1/VidyaPrayag/server/src/main/kotlin/com/littlebridge/enrollplus/feature/school/AdminDashboardOverviewRouting.kt:665:33 'object ExamResultsTable : UUIDTable' is deprecated. T-301 / X-6: superseded by AssessmentsTable + AssessmentMarksTable (the single canonical marks model). Retained read-only for the 5 school-admin readers; migration_015 mirrors numeric rows into assessments. Do NOT write new teacher marks here.
w: file:///C:/Users/HP/Devin1/VidyaPrayag/server/src/main/kotlin/com/littlebridge/enrollplus/feature/school/AdminDashboardOverviewRouting.kt:666:34 'object ExamResultsTable : UUIDTable' is deprecated. T-301 / X-6: superseded by AssessmentsTable + AssessmentMarksTable (the single canonical marks model). Retained read-only for the 5 school-admin readers; migration_015 mirrors numeric rows into assessments. Do NOT write new teacher marks here.
w: file:///C:/Users/HP/Devin1/VidyaPrayag/server/src/main/kotlin/com/littlebridge/enrollplus/feature/school/AdminDashboardOverviewRouting.kt:670:57 'object ExamResultsTable : UUIDTable' is deprecated. T-301 / X-6: superseded by AssessmentsTable + AssessmentMarksTable (the single canonical marks model). Retained read-only for the 5 school-admin readers; migration_015 mirrors numeric rows into assessments. Do NOT write new teacher marks here.
w: file:///C:/Users/HP/Devin1/VidyaPrayag/server/src/main/kotlin/com/littlebridge/enrollplus/feature/school/AdminDashboardOverviewRouting.kt:671:52 'object ExamResultsTable : UUIDTable' is deprecated. T-301 / X-6: superseded by AssessmentsTable + AssessmentMarksTable (the single canonical marks model). Retained read-only for the 5 school-admin readers; migration_015 mirrors numeric rows into assessments. Do NOT write new teacher marks here.
w: file:///C:/Users/HP/Devin1/VidyaPrayag/server/src/main/kotlin/com/littlebridge/enrollplus/feature/school/AdminDashboardOverviewRouting.kt:678:42 'object ExamResultsTable : UUIDTable' is deprecated. T-301 / X-6: superseded by AssessmentsTable + AssessmentMarksTable (the single canonical marks model). Retained read-only for the 5 school-admin readers; migration_015 mirrors numeric rows into assessments. Do NOT write new teacher marks here.
w: file:///C:/Users/HP/Devin1/VidyaPrayag/server/src/main/kotlin/com/littlebridge/enrollplus/feature/school/AdminDashboardOverviewRouting.kt:680:57 'object ExamResultsTable : UUIDTable' is deprecated. T-301 / X-6: superseded by AssessmentsTable + AssessmentMarksTable (the single canonical marks model). Retained read-only for the 5 school-admin readers; migration_015 mirrors numeric rows into assessments. Do NOT write new teacher marks here.
w: file:///C:/Users/HP/Devin1/VidyaPrayag/server/src/main/kotlin/com/littlebridge/enrollplus/feature/school/AdminDashboardOverviewRouting.kt:682:74 'object ExamResultsTable : UUIDTable' is deprecated. T-301 / X-6: superseded by AssessmentsTable + AssessmentMarksTable (the single canonical marks model). Retained read-only for the 5 school-admin readers; migration_015 mirrors numeric rows into assessments. Do NOT write new teacher marks here.
w: file:///C:/Users/HP/Devin1/VidyaPrayag/server/src/main/kotlin/com/littlebridge/enrollplus/feature/school/AdminDashboardOverviewRouting.kt:682:109 'object ExamResultsTable : UUIDTable' is deprecated. T-301 / X-6: superseded by AssessmentsTable + AssessmentMarksTable (the single canonical marks model). Retained read-only for the 5 school-admin readers; migration_015 mirrors numeric rows into assessments. Do NOT write new teacher marks here.
w: file:///C:/Users/HP/Devin1/VidyaPrayag/server/src/main/kotlin/com/littlebridge/enrollplus/feature/school/AdminDashboardOverviewRouting.kt:683:48 'object ExamResultsTable : UUIDTable' is deprecated. T-301 / X-6: superseded by AssessmentsTable + AssessmentMarksTable (the single canonical marks model). Retained read-only for the 5 school-admin readers; migration_015 mirrors numeric rows into assessments. Do NOT write new teacher marks here.
w: file:///C:/Users/HP/Devin1/VidyaPrayag/server/src/main/kotlin/com/littlebridge/enrollplus/feature/school/AdminDashboardRouting.kt:38:8 'object ExamResultsTable : UUIDTable' is deprecated. T-301 / X-6: superseded by AssessmentsTable + AssessmentMarksTable (the single canonical marks model). Retained read-only for the 5 school-admin readers; migration_015 mirrors numeric rows into assessments. Do NOT write new teacher marks here.
w: file:///C:/Users/HP/Devin1/VidyaPrayag/server/src/main/kotlin/com/littlebridge/enrollplus/feature/school/AdminDashboardRouting.kt:596:33 'object ExamResultsTable : UUIDTable' is deprecated. T-301 / X-6: superseded by AssessmentsTable + AssessmentMarksTable (the single canonical marks model). Retained read-only for the 5 school-admin readers; migration_015 mirrors numeric rows into assessments. Do NOT write new teacher marks here.
w: file:///C:/Users/HP/Devin1/VidyaPrayag/server/src/main/kotlin/com/littlebridge/enrollplus/feature/school/AdminDashboardRouting.kt:597:34 'object ExamResultsTable : UUIDTable' is deprecated. T-301 / X-6: superseded by AssessmentsTable + AssessmentMarksTable (the single canonical marks model). Retained read-only for the 5 school-admin readers; migration_015 mirrors numeric rows into assessments. Do NOT write new teacher marks here.
w: file:///C:/Users/HP/Devin1/VidyaPrayag/server/src/main/kotlin/com/littlebridge/enrollplus/feature/school/AdminDashboardRouting.kt:599:54 'object ExamResultsTable : UUIDTable' is deprecated. T-301 / X-6: superseded by AssessmentsTable + AssessmentMarksTable (the single canonical marks model). Retained read-only for the 5 school-admin readers; migration_015 mirrors numeric rows into assessments. Do NOT write new teacher marks here.
w: file:///C:/Users/HP/Devin1/VidyaPrayag/server/src/main/kotlin/com/littlebridge/enrollplus/feature/school/AdminDashboardRouting.kt:601:74 'object ExamResultsTable : UUIDTable' is deprecated. T-301 / X-6: superseded by AssessmentsTable + AssessmentMarksTable (the single canonical marks model). Retained read-only for the 5 school-admin readers; migration_015 mirrors numeric rows into assessments. Do NOT write new teacher marks here.
w: file:///C:/Users/HP/Devin1/VidyaPrayag/server/src/main/kotlin/com/littlebridge/enrollplus/feature/school/MessagesRouting.kt:345:42 Condition is always 'true'.
w: file:///C:/Users/HP/Devin1/VidyaPrayag/server/src/main/kotlin/com/littlebridge/enrollplus/feature/school/MessagingCore.kt:567:5 This is a delicate API and its use requires care. Make sure you fully read and understand documentation of the declaration that is marked as a delicate API.
w: file:///C:/Users/HP/Devin1/VidyaPrayag/server/src/main/kotlin/com/littlebridge/enrollplus/feature/school/ResultsRouting.kt:46:8 'object ExamResultsTable : UUIDTable' is deprecated. T-301 / X-6: superseded by AssessmentsTable + AssessmentMarksTable (the single canonical marks model). Retained read-only for the 5 school-admin readers; migration_015 mirrors numeric rows into assessments. Do NOT write new teacher marks here.
w: file:///C:/Users/HP/Devin1/VidyaPrayag/server/src/main/kotlin/com/littlebridge/enrollplus/feature/school/ResultsRouting.kt:207:48 'object ExamResultsTable : UUIDTable' is deprecated. T-301 / X-6: superseded by AssessmentsTable + AssessmentMarksTable (the single canonical marks model). Retained read-only for the 5 school-admin readers; migration_015 mirrors numeric rows into assessments. Do NOT write new teacher marks here.
w: file:///C:/Users/HP/Devin1/VidyaPrayag/server/src/main/kotlin/com/littlebridge/enrollplus/feature/school/ResultsRouting.kt:212:21 'object ExamResultsTable : UUIDTable' is deprecated. T-301 / X-6: superseded by AssessmentsTable + AssessmentMarksTable (the single canonical marks model). Retained read-only for the 5 school-admin readers; migration_015 mirrors numeric rows into assessments. Do NOT write new teacher marks here.
w: file:///C:/Users/HP/Devin1/VidyaPrayag/server/src/main/kotlin/com/littlebridge/enrollplus/feature/school/ResultsRouting.kt:214:14 'object ExamResultsTable : UUIDTable' is deprecated. T-301 / X-6: superseded by AssessmentsTable + AssessmentMarksTable (the single canonical marks model). Retained read-only for the 5 school-admin readers; migration_015 mirrors numeric rows into assessments. Do NOT write new teacher marks here.
w: file:///C:/Users/HP/Devin1/VidyaPrayag/server/src/main/kotlin/com/littlebridge/enrollplus/feature/school/ResultsRouting.kt:215:18 'object ExamResultsTable : UUIDTable' is deprecated. T-301 / X-6: superseded by AssessmentsTable + AssessmentMarksTable (the single canonical marks model). Retained read-only for the 5 school-admin readers; migration_015 mirrors numeric rows into assessments. Do NOT write new teacher marks here.
w: file:///C:/Users/HP/Devin1/VidyaPrayag/server/src/main/kotlin/com/littlebridge/enrollplus/feature/school/ResultsRouting.kt:216:18 'object ExamResultsTable : UUIDTable' is deprecated. T-301 / X-6: superseded by AssessmentsTable + AssessmentMarksTable (the single canonical marks model). Retained read-only for the 5 school-admin readers; migration_015 mirrors numeric rows into assessments. Do NOT write new teacher marks here.
w: file:///C:/Users/HP/Devin1/VidyaPrayag/server/src/main/kotlin/com/littlebridge/enrollplus/feature/school/ResultsRouting.kt:217:18 'object ExamResultsTable : UUIDTable' is deprecated. T-301 / X-6: superseded by AssessmentsTable + AssessmentMarksTable (the single canonical marks model). Retained read-only for the 5 school-admin readers; migration_015 mirrors numeric rows into assessments. Do NOT write new teacher marks here.
w: file:///C:/Users/HP/Devin1/VidyaPrayag/server/src/main/kotlin/com/littlebridge/enrollplus/feature/school/ResultsRouting.kt:220:22 'object ExamResultsTable : UUIDTable' is deprecated. T-301 / X-6: superseded by AssessmentsTable + AssessmentMarksTable (the single canonical marks model). Retained read-only for the 5 school-admin readers; migration_015 mirrors numeric rows into assessments. Do NOT write new teacher marks here.
w: file:///C:/Users/HP/Devin1/VidyaPrayag/server/src/main/kotlin/com/littlebridge/enrollplus/feature/school/ResultsRouting.kt:225:23 'object ExamResultsTable : UUIDTable' is deprecated. T-301 / X-6: superseded by AssessmentsTable + AssessmentMarksTable (the single canonical marks model). Retained read-only for the 5 school-admin readers; migration_015 mirrors numeric rows into assessments. Do NOT write new teacher marks here.
w: file:///C:/Users/HP/Devin1/VidyaPrayag/server/src/main/kotlin/com/littlebridge/enrollplus/feature/school/ResultsRouting.kt:226:53 'object ExamResultsTable : UUIDTable' is deprecated. T-301 / X-6: superseded by AssessmentsTable + AssessmentMarksTable (the single canonical marks model). Retained read-only for the 5 school-admin readers; migration_015 mirrors numeric rows into assessments. Do NOT write new teacher marks here.
w: file:///C:/Users/HP/Devin1/VidyaPrayag/server/src/main/kotlin/com/littlebridge/enrollplus/feature/school/ResultsRouting.kt:229:61 'object ExamResultsTable : UUIDTable' is deprecated. T-301 / X-6: superseded by AssessmentsTable + AssessmentMarksTable (the single canonical marks model). Retained read-only for the 5 school-admin readers; migration_015 mirrors numeric rows into assessments. Do NOT write new teacher marks here.
w: file:///C:/Users/HP/Devin1/VidyaPrayag/server/src/main/kotlin/com/littlebridge/enrollplus/feature/school/ResultsRouting.kt:260:32 'object ExamResultsTable : UUIDTable' is deprecated. T-301 / X-6: superseded by AssessmentsTable + AssessmentMarksTable (the single canonical marks model). Retained read-only for the 5 school-admin readers; migration_015 mirrors numeric rows into assessments. Do NOT write new teacher marks here.
w: file:///C:/Users/HP/Devin1/VidyaPrayag/server/src/main/kotlin/com/littlebridge/enrollplus/feature/school/ResultsRouting.kt:262:30 'object ExamResultsTable : UUIDTable' is deprecated. T-301 / X-6: superseded by AssessmentsTable + AssessmentMarksTable (the single canonical marks model). Retained read-only for the 5 school-admin readers; migration_015 mirrors numeric rows into assessments. Do NOT write new teacher marks here.
w: file:///C:/Users/HP/Devin1/VidyaPrayag/server/src/main/kotlin/com/littlebridge/enrollplus/feature/school/ResultsRouting.kt:263:34 'object ExamResultsTable : UUIDTable' is deprecated. T-301 / X-6: superseded by AssessmentsTable + AssessmentMarksTable (the single canonical marks model). Retained read-only for the 5 school-admin readers; migration_015 mirrors numeric rows into assessments. Do NOT write new teacher marks here.
w: file:///C:/Users/HP/Devin1/VidyaPrayag/server/src/main/kotlin/com/littlebridge/enrollplus/feature/school/ResultsRouting.kt:264:34 'object ExamResultsTable : UUIDTable' is deprecated. T-301 / X-6: superseded by AssessmentsTable + AssessmentMarksTable (the single canonical marks model). Retained read-only for the 5 school-admin readers; migration_015 mirrors numeric rows into assessments. Do NOT write new teacher marks here.
w: file:///C:/Users/HP/Devin1/VidyaPrayag/server/src/main/kotlin/com/littlebridge/enrollplus/feature/school/ResultsRouting.kt:265:76 'object ExamResultsTable : UUIDTable' is deprecated. T-301 / X-6: superseded by AssessmentsTable + AssessmentMarksTable (the single canonical marks model). Retained read-only for the 5 school-admin readers; migration_015 mirrors numeric rows into assessments. Do NOT write new teacher marks here.
w: file:///C:/Users/HP/Devin1/VidyaPrayag/server/src/main/kotlin/com/littlebridge/enrollplus/feature/school/ResultsRouting.kt:266:34 'object ExamResultsTable : UUIDTable' is deprecated. T-301 / X-6: superseded by AssessmentsTable + AssessmentMarksTable (the single canonical marks model). Retained read-only for the 5 school-admin readers; migration_015 mirrors numeric rows into assessments. Do NOT write new teacher marks here.
w: file:///C:/Users/HP/Devin1/VidyaPrayag/server/src/main/kotlin/com/littlebridge/enrollplus/feature/school/ResultsRouting.kt:268:34 'object ExamResultsTable : UUIDTable' is deprecated. T-301 / X-6: superseded by AssessmentsTable + AssessmentMarksTable (the single canonical marks model). Retained read-only for the 5 school-admin readers; migration_015 mirrors numeric rows into assessments. Do NOT write new teacher marks here.
w: file:///C:/Users/HP/Devin1/VidyaPrayag/server/src/main/kotlin/com/littlebridge/enrollplus/feature/school/ResultsRouting.kt:273:36 'object ExamResultsTable : UUIDTable' is deprecated. T-301 / X-6: superseded by AssessmentsTable + AssessmentMarksTable (the single canonical marks model). Retained read-only for the 5 school-admin readers; migration_015 mirrors numeric rows into assessments. Do NOT write new teacher marks here.
w: file:///C:/Users/HP/Devin1/VidyaPrayag/server/src/main/kotlin/com/littlebridge/enrollplus/feature/school/ResultsRouting.kt:274:38 'object ExamResultsTable : UUIDTable' is deprecated. T-301 / X-6: superseded by AssessmentsTable + AssessmentMarksTable (the single canonical marks model). Retained read-only for the 5 school-admin readers; migration_015 mirrors numeric rows into assessments. Do NOT write new teacher marks here.
w: file:///C:/Users/HP/Devin1/VidyaPrayag/server/src/main/kotlin/com/littlebridge/enrollplus/feature/school/ResultsRouting.kt:275:42 'object ExamResultsTable : UUIDTable' is deprecated. T-301 / X-6: superseded by AssessmentsTable + AssessmentMarksTable (the single canonical marks model). Retained read-only for the 5 school-admin readers; migration_015 mirrors numeric rows into assessments. Do NOT write new teacher marks here.
w: file:///C:/Users/HP/Devin1/VidyaPrayag/server/src/main/kotlin/com/littlebridge/enrollplus/feature/school/ResultsRouting.kt:276:44 'object ExamResultsTable : UUIDTable' is deprecated. T-301 / X-6: superseded by AssessmentsTable + AssessmentMarksTable (the single canonical marks model). Retained read-only for the 5 school-admin readers; migration_015 mirrors numeric rows into assessments. Do NOT write new teacher marks here.
w: file:///C:/Users/HP/Devin1/VidyaPrayag/server/src/main/kotlin/com/littlebridge/enrollplus/feature/school/ResultsRouting.kt:277:39 'object ExamResultsTable : UUIDTable' is deprecated. T-301 / X-6: superseded by AssessmentsTable + AssessmentMarksTable (the single canonical marks model). Retained read-only for the 5 school-admin readers; migration_015 mirrors numeric rows into assessments. Do NOT write new teacher marks here.
w: file:///C:/Users/HP/Devin1/VidyaPrayag/server/src/main/kotlin/com/littlebridge/enrollplus/feature/school/ResultsRouting.kt:278:40 'object ExamResultsTable : UUIDTable' is deprecated. T-301 / X-6: superseded by AssessmentsTable + AssessmentMarksTable (the single canonical marks model). Retained read-only for the 5 school-admin readers; migration_015 mirrors numeric rows into assessments. Do NOT write new teacher marks here.
w: file:///C:/Users/HP/Devin1/VidyaPrayag/server/src/main/kotlin/com/littlebridge/enrollplus/feature/school/ResultsRouting.kt:279:39 'object ExamResultsTable : UUIDTable' is deprecated. T-301 / X-6: superseded by AssessmentsTable + AssessmentMarksTable (the single canonical marks model). Retained read-only for the 5 school-admin readers; migration_015 mirrors numeric rows into assessments. Do NOT write new teacher marks here.
w: file:///C:/Users/HP/Devin1/VidyaPrayag/server/src/main/kotlin/com/littlebridge/enrollplus/feature/school/ResultsRouting.kt:283:62 'object ExamResultsTable : UUIDTable' is deprecated. T-301 / X-6: superseded by AssessmentsTable + AssessmentMarksTable (the single canonical marks model). Retained read-only for the 5 school-admin readers; migration_015 mirrors numeric rows into assessments. Do NOT write new teacher marks here.
w: file:///C:/Users/HP/Devin1/VidyaPrayag/server/src/main/kotlin/com/littlebridge/enrollplus/feature/school/ResultsRouting.kt:298:53 'object ExamResultsTable : UUIDTable' is deprecated. T-301 / X-6: superseded by AssessmentsTable + AssessmentMarksTable (the single canonical marks model). Retained read-only for the 5 school-admin readers; migration_015 mirrors numeric rows into assessments. Do NOT write new teacher marks here.
w: file:///C:/Users/HP/Devin1/VidyaPrayag/server/src/main/kotlin/com/littlebridge/enrollplus/feature/school/ResultsRouting.kt:299:53 'object ExamResultsTable : UUIDTable' is deprecated. T-301 / X-6: superseded by AssessmentsTable + AssessmentMarksTable (the single canonical marks model). Retained read-only for the 5 school-admin readers; migration_015 mirrors numeric rows into assessments. Do NOT write new teacher marks here.
w: file:///C:/Users/HP/Devin1/VidyaPrayag/server/src/main/kotlin/com/littlebridge/enrollplus/feature/school/ResultsRouting.kt:300:53 'object ExamResultsTable : UUIDTable' is deprecated. T-301 / X-6: superseded by AssessmentsTable + AssessmentMarksTable (the single canonical marks model). Retained read-only for the 5 school-admin readers; migration_015 mirrors numeric rows into assessments. Do NOT write new teacher marks here.
w: file:///C:/Users/HP/Devin1/VidyaPrayag/server/src/main/kotlin/com/littlebridge/enrollplus/feature/school/ResultsRouting.kt:352:40 'object ExamResultsTable : UUIDTable' is deprecated. T-301 / X-6: superseded by AssessmentsTable + AssessmentMarksTable (the single canonical marks model). Retained read-only for the 5 school-admin readers; migration_015 mirrors numeric rows into assessments. Do NOT write new teacher marks here.
w: file:///C:/Users/HP/Devin1/VidyaPrayag/server/src/main/kotlin/com/littlebridge/enrollplus/feature/school/ResultsRouting.kt:353:30 'object ExamResultsTable : UUIDTable' is deprecated. T-301 / X-6: superseded by AssessmentsTable + AssessmentMarksTable (the single canonical marks model). Retained read-only for the 5 school-admin readers; migration_015 mirrors numeric rows into assessments. Do NOT write new teacher marks here.
w: file:///C:/Users/HP/Devin1/VidyaPrayag/server/src/main/kotlin/com/littlebridge/enrollplus/feature/school/ResultsRouting.kt:354:34 'object ExamResultsTable : UUIDTable' is deprecated. T-301 / X-6: superseded by AssessmentsTable + AssessmentMarksTable (the single canonical marks model). Retained read-only for the 5 school-admin readers; migration_015 mirrors numeric rows into assessments. Do NOT write new teacher marks here.
w: file:///C:/Users/HP/Devin1/VidyaPrayag/server/src/main/kotlin/com/littlebridge/enrollplus/feature/school/ResultsRouting.kt:355:34 'object ExamResultsTable : UUIDTable' is deprecated. T-301 / X-6: superseded by AssessmentsTable + AssessmentMarksTable (the single canonical marks model). Retained read-only for the 5 school-admin readers; migration_015 mirrors numeric rows into assessments. Do NOT write new teacher marks here.
w: file:///C:/Users/HP/Devin1/VidyaPrayag/server/src/main/kotlin/com/littlebridge/enrollplus/feature/school/ResultsRouting.kt:356:34 'object ExamResultsTable : UUIDTable' is deprecated. T-301 / X-6: superseded by AssessmentsTable + AssessmentMarksTable (the single canonical marks model). Retained read-only for the 5 school-admin readers; migration_015 mirrors numeric rows into assessments. Do NOT write new teacher marks here.
w: file:///C:/Users/HP/Devin1/VidyaPrayag/server/src/main/kotlin/com/littlebridge/enrollplus/feature/school/ResultsRouting.kt:357:34 'object ExamResultsTable : UUIDTable' is deprecated. T-301 / X-6: superseded by AssessmentsTable + AssessmentMarksTable (the single canonical marks model). Retained read-only for the 5 school-admin readers; migration_015 mirrors numeric rows into assessments. Do NOT write new teacher marks here.
w: file:///C:/Users/HP/Devin1/VidyaPrayag/server/src/main/kotlin/com/littlebridge/enrollplus/feature/school/ResultsRouting.kt:358:34 'object ExamResultsTable : UUIDTable' is deprecated. T-301 / X-6: superseded by AssessmentsTable + AssessmentMarksTable (the single canonical marks model). Retained read-only for the 5 school-admin readers; migration_015 mirrors numeric rows into assessments. Do NOT write new teacher marks here.
w: file:///C:/Users/HP/Devin1/VidyaPrayag/server/src/main/kotlin/com/littlebridge/enrollplus/feature/school/ResultsRouting.kt:362:29 'object ExamResultsTable : UUIDTable' is deprecated. T-301 / X-6: superseded by AssessmentsTable + AssessmentMarksTable (the single canonical marks model). Retained read-only for the 5 school-admin readers; migration_015 mirrors numeric rows into assessments. Do NOT write new teacher marks here.
w: file:///C:/Users/HP/Devin1/VidyaPrayag/server/src/main/kotlin/com/littlebridge/enrollplus/feature/school/ResultsRouting.kt:364:36 'object ExamResultsTable : UUIDTable' is deprecated. T-301 / X-6: superseded by AssessmentsTable + AssessmentMarksTable (the single canonical marks model). Retained read-only for the 5 school-admin readers; migration_015 mirrors numeric rows into assessments. Do NOT write new teacher marks here.
w: file:///C:/Users/HP/Devin1/VidyaPrayag/server/src/main/kotlin/com/littlebridge/enrollplus/feature/school/ResultsRouting.kt:367:36 'object ExamResultsTable : UUIDTable' is deprecated. T-301 / X-6: superseded by AssessmentsTable + AssessmentMarksTable (the single canonical marks model). Retained read-only for the 5 school-admin readers; migration_015 mirrors numeric rows into assessments. Do NOT write new teacher marks here.
w: file:///C:/Users/HP/Devin1/VidyaPrayag/server/src/main/kotlin/com/littlebridge/enrollplus/feature/school/ResultsRouting.kt:380:29 'object ExamResultsTable : UUIDTable' is deprecated. T-301 / X-6: superseded by AssessmentsTable + AssessmentMarksTable (the single canonical marks model). Retained read-only for the 5 school-admin readers; migration_015 mirrors numeric rows into assessments. Do NOT write new teacher marks here.
w: file:///C:/Users/HP/Devin1/VidyaPrayag/server/src/main/kotlin/com/littlebridge/enrollplus/feature/school/ResultsRouting.kt:380:55 'object ExamResultsTable : UUIDTable' is deprecated. T-301 / X-6: superseded by AssessmentsTable + AssessmentMarksTable (the single canonical marks model). Retained read-only for the 5 school-admin readers; migration_015 mirrors numeric rows into assessments. Do NOT write new teacher marks here.
w: file:///C:/Users/HP/Devin1/VidyaPrayag/server/src/main/kotlin/com/littlebridge/enrollplus/feature/school/ResultsRouting.kt:380:87 'object ExamResultsTable : UUIDTable' is deprecated. T-301 / X-6: superseded by AssessmentsTable + AssessmentMarksTable (the single canonical marks model). Retained read-only for the 5 school-admin readers; migration_015 mirrors numeric rows into assessments. Do NOT write new teacher marks here.
w: file:///C:/Users/HP/Devin1/VidyaPrayag/server/src/main/kotlin/com/littlebridge/enrollplus/feature/school/SchoolAnalyticsRouting.kt:40:8 'object ExamResultsTable : UUIDTable' is deprecated. T-301 / X-6: superseded by AssessmentsTable + AssessmentMarksTable (the single canonical marks model). Retained read-only for the 5 school-admin readers; migration_015 mirrors numeric rows into assessments. Do NOT write new teacher marks here.
w: file:///C:/Users/HP/Devin1/VidyaPrayag/server/src/main/kotlin/com/littlebridge/enrollplus/feature/school/SchoolAnalyticsRouting.kt:239:16 'object ExamResultsTable : UUIDTable' is deprecated. T-301 / X-6: superseded by AssessmentsTable + AssessmentMarksTable (the single canonical marks model). Retained read-only for the 5 school-admin readers; migration_015 mirrors numeric rows into assessments. Do NOT write new teacher marks here.
w: file:///C:/Users/HP/Devin1/VidyaPrayag/server/src/main/kotlin/com/littlebridge/enrollplus/feature/school/SchoolAnalyticsRouting.kt:240:18 'object ExamResultsTable : UUIDTable' is deprecated. T-301 / X-6: superseded by AssessmentsTable + AssessmentMarksTable (the single canonical marks model). Retained read-only for the 5 school-admin readers; migration_015 mirrors numeric rows into assessments. Do NOT write new teacher marks here.
w: file:///C:/Users/HP/Devin1/VidyaPrayag/server/src/main/kotlin/com/littlebridge/enrollplus/feature/school/SchoolAnalyticsRouting.kt:244:37 'object ExamResultsTable : UUIDTable' is deprecated. T-301 / X-6: superseded by AssessmentsTable + AssessmentMarksTable (the single canonical marks model). Retained read-only for the 5 school-admin readers; migration_015 mirrors numeric rows into assessments. Do NOT write new teacher marks here.
w: file:///C:/Users/HP/Devin1/VidyaPrayag/server/src/main/kotlin/com/littlebridge/enrollplus/feature/school/SchoolAnalyticsRouting.kt:246:54 'object ExamResultsTable : UUIDTable' is deprecated. T-301 / X-6: superseded by AssessmentsTable + AssessmentMarksTable (the single canonical marks model). Retained read-only for the 5 school-admin readers; migration_015 mirrors numeric rows into assessments. Do NOT write new teacher marks here.
w: file:///C:/Users/HP/Devin1/VidyaPrayag/server/src/main/kotlin/com/littlebridge/enrollplus/feature/school/SchoolAnalyticsRouting.kt:297:16 'object ExamResultsTable : UUIDTable' is deprecated. T-301 / X-6: superseded by AssessmentsTable + AssessmentMarksTable (the single canonical marks model). Retained read-only for the 5 school-admin readers; migration_015 mirrors numeric rows into assessments. Do NOT write new teacher marks here.
w: file:///C:/Users/HP/Devin1/VidyaPrayag/server/src/main/kotlin/com/littlebridge/enrollplus/feature/school/SchoolAnalyticsRouting.kt:298:18 'object ExamResultsTable : UUIDTable' is deprecated. T-301 / X-6: superseded by AssessmentsTable + AssessmentMarksTable (the single canonical marks model). Retained read-only for the 5 school-admin readers; migration_015 mirrors numeric rows into assessments. Do NOT write new teacher marks here.
w: file:///C:/Users/HP/Devin1/VidyaPrayag/server/src/main/kotlin/com/littlebridge/enrollplus/feature/school/SchoolAnalyticsRouting.kt:302:39 'object ExamResultsTable : UUIDTable' is deprecated. T-301 / X-6: superseded by AssessmentsTable + AssessmentMarksTable (the single canonical marks model). Retained read-only for the 5 school-admin readers; migration_015 mirrors numeric rows into assessments. Do NOT write new teacher marks here.
w: file:///C:/Users/HP/Devin1/VidyaPrayag/server/src/main/kotlin/com/littlebridge/enrollplus/feature/school/SchoolAnalyticsRouting.kt:304:54 'object ExamResultsTable : UUIDTable' is deprecated. T-301 / X-6: superseded by AssessmentsTable + AssessmentMarksTable (the single canonical marks model). Retained read-only for the 5 school-admin readers; migration_015 mirrors numeric rows into assessments. Do NOT write new teacher marks here.
w: file:///C:/Users/HP/Devin1/VidyaPrayag/server/src/main/kotlin/com/littlebridge/enrollplus/feature/school/SchoolAnalyticsRouting.kt:407:17 'object ExamResultsTable : UUIDTable' is deprecated. T-301 / X-6: superseded by AssessmentsTable + AssessmentMarksTable (the single canonical marks model). Retained read-only for the 5 school-admin readers; migration_015 mirrors numeric rows into assessments. Do NOT write new teacher marks here.
w: file:///C:/Users/HP/Devin1/VidyaPrayag/server/src/main/kotlin/com/littlebridge/enrollplus/feature/school/SchoolAnalyticsRouting.kt:409:46 'object ExamResultsTable : UUIDTable' is deprecated. T-301 / X-6: superseded by AssessmentsTable + AssessmentMarksTable (the single canonical marks model). Retained read-only for the 5 school-admin readers; migration_015 mirrors numeric rows into assessments. Do NOT write new teacher marks here.
w: file:///C:/Users/HP/Devin1/VidyaPrayag/server/src/main/kotlin/com/littlebridge/enrollplus/feature/school/SchoolAnalyticsRouting.kt:410:19 'object ExamResultsTable : UUIDTable' is deprecated. T-301 / X-6: superseded by AssessmentsTable + AssessmentMarksTable (the single canonical marks model). Retained read-only for the 5 school-admin readers; migration_015 mirrors numeric rows into assessments. Do NOT write new teacher marks here.
w: file:///C:/Users/HP/Devin1/VidyaPrayag/server/src/main/kotlin/com/littlebridge/enrollplus/feature/school/SchoolAnalyticsRouting.kt:410:63 'object ExamResultsTable : UUIDTable' is deprecated. T-301 / X-6: superseded by AssessmentsTable + AssessmentMarksTable (the single canonical marks model). Retained read-only for the 5 school-admin readers; migration_015 mirrors numeric rows into assessments. Do NOT write new teacher marks here.
w: file:///C:/Users/HP/Devin1/VidyaPrayag/server/src/main/kotlin/com/littlebridge/enrollplus/feature/school/SchoolAnalyticsRouting.kt:426:31 'object ExamResultsTable : UUIDTable' is deprecated. T-301 / X-6: superseded by AssessmentsTable + AssessmentMarksTable (the single canonical marks model). Retained read-only for the 5 school-admin readers; migration_015 mirrors numeric rows into assessments. Do NOT write new teacher marks here.
w: file:///C:/Users/HP/Devin1/VidyaPrayag/server/src/main/kotlin/com/littlebridge/enrollplus/feature/school/SchoolAnalyticsRouting.kt:428:58 'object ExamResultsTable : UUIDTable' is deprecated. T-301 / X-6: superseded by AssessmentsTable + AssessmentMarksTable (the single canonical marks model). Retained read-only for the 5 school-admin readers; migration_015 mirrors numeric rows into assessments. Do NOT write new teacher marks here.
w: file:///C:/Users/HP/Devin1/VidyaPrayag/server/src/main/kotlin/com/littlebridge/enrollplus/feature/school/SchoolAnalyticsRouting.kt:431:31 'object ExamResultsTable : UUIDTable' is deprecated. T-301 / X-6: superseded by AssessmentsTable + AssessmentMarksTable (the single canonical marks model). Retained read-only for the 5 school-admin readers; migration_015 mirrors numeric rows into assessments. Do NOT write new teacher marks here.
w: file:///C:/Users/HP/Devin1/VidyaPrayag/server/src/main/kotlin/com/littlebridge/enrollplus/feature/school/SchoolAnalyticsRouting.kt:433:61 'object ExamResultsTable : UUIDTable' is deprecated. T-301 / X-6: superseded by AssessmentsTable + AssessmentMarksTable (the single canonical marks model). Retained read-only for the 5 school-admin readers; migration_015 mirrors numeric rows into assessments. Do NOT write new teacher marks here.
w: file:///C:/Users/HP/Devin1/VidyaPrayag/server/src/main/kotlin/com/littlebridge/enrollplus/feature/school/SchoolAnalyticsRouting.kt:441:37 'object ExamResultsTable : UUIDTable' is deprecated. T-301 / X-6: superseded by AssessmentsTable + AssessmentMarksTable (the single canonical marks model). Retained read-only for the 5 school-admin readers; migration_015 mirrors numeric rows into assessments. Do NOT write new teacher marks here.
w: file:///C:/Users/HP/Devin1/VidyaPrayag/server/src/main/kotlin/com/littlebridge/enrollplus/feature/school/SchoolAnalyticsRouting.kt:442:59 'object ExamResultsTable : UUIDTable' is deprecated. T-301 / X-6: superseded by AssessmentsTable + AssessmentMarksTable (the single canonical marks model). Retained read-only for the 5 school-admin readers; migration_015 mirrors numeric rows into assessments. Do NOT write new teacher marks here.
w: file:///C:/Users/HP/Devin1/VidyaPrayag/server/src/main/kotlin/com/littlebridge/enrollplus/feature/school/SchoolAnalyticsRouting.kt:443:42 'object ExamResultsTable : UUIDTable' is deprecated. T-301 / X-6: superseded by AssessmentsTable + AssessmentMarksTable (the single canonical marks model). Retained read-only for the 5 school-admin readers; migration_015 mirrors numeric rows into assessments. Do NOT write new teacher marks here.
w: file:///C:/Users/HP/Devin1/VidyaPrayag/server/src/main/kotlin/com/littlebridge/enrollplus/feature/school/SchoolAnalyticsRouting.kt:894:41 'object ExamResultsTable : UUIDTable' is deprecated. T-301 / X-6: superseded by AssessmentsTable + AssessmentMarksTable (the single canonical marks model). Retained read-only for the 5 school-admin readers; migration_015 mirrors numeric rows into assessments. Do NOT write new teacher marks here.
w: file:///C:/Users/HP/Devin1/VidyaPrayag/server/src/main/kotlin/com/littlebridge/enrollplus/feature/school/SchoolAnalyticsRouting.kt:896:30 'object ExamResultsTable : UUIDTable' is deprecated. T-301 / X-6: superseded by AssessmentsTable + AssessmentMarksTable (the single canonical marks model). Retained read-only for the 5 school-admin readers; migration_015 mirrors numeric rows into assessments. Do NOT write new teacher marks here.
w: file:///C:/Users/HP/Devin1/VidyaPrayag/server/src/main/kotlin/com/littlebridge/enrollplus/feature/school/SchoolAnalyticsRouting.kt:897:34 'object ExamResultsTable : UUIDTable' is deprecated. T-301 / X-6: superseded by AssessmentsTable + AssessmentMarksTable (the single canonical marks model). Retained read-only for the 5 school-admin readers; migration_015 mirrors numeric rows into assessments. Do NOT write new teacher marks here.
w: file:///C:/Users/HP/Devin1/VidyaPrayag/server/src/main/kotlin/com/littlebridge/enrollplus/feature/school/SchoolAnalyticsRouting.kt:901:39 'object ExamResultsTable : UUIDTable' is deprecated. T-301 / X-6: superseded by AssessmentsTable + AssessmentMarksTable (the single canonical marks model). Retained read-only for the 5 school-admin readers; migration_015 mirrors numeric rows into assessments. Do NOT write new teacher marks here.
w: file:///C:/Users/HP/Devin1/VidyaPrayag/server/src/main/kotlin/com/littlebridge/enrollplus/feature/school/SchoolAnalyticsRouting.kt:903:74 'object ExamResultsTable : UUIDTable' is deprecated. T-301 / X-6: superseded by AssessmentsTable + AssessmentMarksTable (the single canonical marks model). Retained read-only for the 5 school-admin readers; migration_015 mirrors numeric rows into assessments. Do NOT write new teacher marks here.
w: file:///C:/Users/HP/Devin1/VidyaPrayag/server/src/main/kotlin/com/littlebridge/enrollplus/feature/school/SchoolIntelligenceRouting.kt:290:57 'val studentId: Column<String>' is deprecated. T-301 / D-ASMT-3: identity moves to studentRef (FK students.id). This student_code text column is retained for the legacy /marks reader + ParentAcademicsRouting until they are repointed (T-303 / parent rebuild).
w: file:///C:/Users/HP/Devin1/VidyaPrayag/server/src/main/kotlin/com/littlebridge/enrollplus/feature/school/SchoolRouting.kt:42:8 'object HolidayListTable : UUIDTable' is deprecated. D-TT-5 / T-102: holidays now live in calendar_events(HOLIDAY,PUBLISHED). Read CalendarEventsTable instead; holiday_list is migrated by migration_012 and will be dropped once the two legacy readers are repointed.
w: file:///C:/Users/HP/Devin1/VidyaPrayag/server/src/main/kotlin/com/littlebridge/enrollplus/feature/school/SchoolRouting.kt:184:21 'object HolidayListTable : UUIDTable' is deprecated. D-TT-5 / T-102: holidays now live in calendar_events(HOLIDAY,PUBLISHED). Read CalendarEventsTable instead; holiday_list is migrated by migration_012 and will be dropped once the two legacy readers are repointed.
w: file:///C:/Users/HP/Devin1/VidyaPrayag/server/src/main/kotlin/com/littlebridge/enrollplus/feature/school/SchoolRouting.kt:185:34 'object HolidayListTable : UUIDTable' is deprecated. D-TT-5 / T-102: holidays now live in calendar_events(HOLIDAY,PUBLISHED). Read CalendarEventsTable instead; holiday_list is migrated by migration_012 and will be dropped once the two legacy readers are repointed.
w: file:///C:/Users/HP/Devin1/VidyaPrayag/server/src/main/kotlin/com/littlebridge/enrollplus/feature/school/SchoolRouting.kt:186:35 'object HolidayListTable : UUIDTable' is deprecated. D-TT-5 / T-102: holidays now live in calendar_events(HOLIDAY,PUBLISHED). Read CalendarEventsTable instead; holiday_list is migrated by migration_012 and will be dropped once the two legacy readers are repointed.
w: file:///C:/Users/HP/Devin1/VidyaPrayag/server/src/main/kotlin/com/littlebridge/enrollplus/feature/school/SchoolRouting.kt:186:64 'object HolidayListTable : UUIDTable' is deprecated. D-TT-5 / T-102: holidays now live in calendar_events(HOLIDAY,PUBLISHED). Read CalendarEventsTable instead; holiday_list is migrated by migration_012 and will be dropped once the two legacy readers are repointed.
w: file:///C:/Users/HP/Devin1/VidyaPrayag/server/src/main/kotlin/com/littlebridge/enrollplus/feature/school/SchoolRouting.kt:217:21 'object HolidayListTable : UUIDTable' is deprecated. D-TT-5 / T-102: holidays now live in calendar_events(HOLIDAY,PUBLISHED). Read CalendarEventsTable instead; holiday_list is migrated by migration_012 and will be dropped once the two legacy readers are repointed.
w: file:///C:/Users/HP/Devin1/VidyaPrayag/server/src/main/kotlin/com/littlebridge/enrollplus/feature/school/SchoolRouting.kt:218:35 'object HolidayListTable : UUIDTable' is deprecated. D-TT-5 / T-102: holidays now live in calendar_events(HOLIDAY,PUBLISHED). Read CalendarEventsTable instead; holiday_list is migrated by migration_012 and will be dropped once the two legacy readers are repointed.
w: file:///C:/Users/HP/Devin1/VidyaPrayag/server/src/main/kotlin/com/littlebridge/enrollplus/feature/school/SchoolRouting.kt:218:79 'object HolidayListTable : UUIDTable' is deprecated. D-TT-5 / T-102: holidays now live in calendar_events(HOLIDAY,PUBLISHED). Read CalendarEventsTable instead; holiday_list is migrated by migration_012 and will be dropped once the two legacy readers are repointed.
w: file:///C:/Users/HP/Devin1/VidyaPrayag/server/src/main/kotlin/com/littlebridge/enrollplus/feature/school/SchoolRouting.kt:219:46 'object HolidayListTable : UUIDTable' is deprecated. D-TT-5 / T-102: holidays now live in calendar_events(HOLIDAY,PUBLISHED). Read CalendarEventsTable instead; holiday_list is migrated by migration_012 and will be dropped once the two legacy readers are repointed.
w: file:///C:/Users/HP/Devin1/VidyaPrayag/server/src/main/kotlin/com/littlebridge/enrollplus/feature/school/SchoolRouting.kt:219:73 'object HolidayListTable : UUIDTable' is deprecated. D-TT-5 / T-102: holidays now live in calendar_events(HOLIDAY,PUBLISHED). Read CalendarEventsTable instead; holiday_list is migrated by migration_012 and will be dropped once the two legacy readers are repointed.
w: file:///C:/Users/HP/Devin1/VidyaPrayag/server/src/main/kotlin/com/littlebridge/enrollplus/feature/school/SchoolRouting.kt:219:101 'object HolidayListTable : UUIDTable' is deprecated. D-TT-5 / T-102: holidays now live in calendar_events(HOLIDAY,PUBLISHED). Read CalendarEventsTable instead; holiday_list is migrated by migration_012 and will be dropped once the two legacy readers are repointed.
w: file:///C:/Users/HP/Devin1/VidyaPrayag/server/src/main/kotlin/com/littlebridge/enrollplus/feature/school/SchoolStudentsRouting.kt:43:8 'object ExamResultsTable : UUIDTable' is deprecated. T-301 / X-6: superseded by AssessmentsTable + AssessmentMarksTable (the single canonical marks model). Retained read-only for the 5 school-admin readers; migration_015 mirrors numeric rows into assessments. Do NOT write new teacher marks here.
w: file:///C:/Users/HP/Devin1/VidyaPrayag/server/src/main/kotlin/com/littlebridge/enrollplus/feature/school/SchoolStudentsRouting.kt:1075:21 'object ExamResultsTable : UUIDTable' is deprecated. T-301 / X-6: superseded by AssessmentsTable + AssessmentMarksTable (the single canonical marks model). Retained read-only for the 5 school-admin readers; migration_015 mirrors numeric rows into assessments. Do NOT write new teacher marks here.
w: file:///C:/Users/HP/Devin1/VidyaPrayag/server/src/main/kotlin/com/littlebridge/enrollplus/feature/school/SchoolStudentsRouting.kt:1076:26 'object ExamResultsTable : UUIDTable' is deprecated. T-301 / X-6: superseded by AssessmentsTable + AssessmentMarksTable (the single canonical marks model). Retained read-only for the 5 school-admin readers; migration_015 mirrors numeric rows into assessments. Do NOT write new teacher marks here.
w: file:///C:/Users/HP/Devin1/VidyaPrayag/server/src/main/kotlin/com/littlebridge/enrollplus/feature/school/SchoolStudentsRouting.kt:1076:74 'object ExamResultsTable : UUIDTable' is deprecated. T-301 / X-6: superseded by AssessmentsTable + AssessmentMarksTable (the single canonical marks model). Retained read-only for the 5 school-admin readers; migration_015 mirrors numeric rows into assessments. Do NOT write new teacher marks here.
w: file:///C:/Users/HP/Devin1/VidyaPrayag/server/src/main/kotlin/com/littlebridge/enrollplus/feature/school/SchoolStudentsRouting.kt:1078:77 'val studentId: Column<String>' is deprecated. T-301 / D-ASMT-3: identity moves to studentRef (FK students.id). This student_code text column is retained for the legacy /marks reader + ParentAcademicsRouting until they are repointed (T-303 / parent rebuild).
w: file:///C:/Users/HP/Devin1/VidyaPrayag/server/src/main/kotlin/com/littlebridge/enrollplus/feature/school/SchoolStudentsRouting.kt:1146:59 'val studentId: Column<String>' is deprecated. T-301 / D-ASMT-3: identity moves to studentRef (FK students.id). This student_code text column is retained for the legacy /marks reader + ParentAcademicsRouting until they are repointed (T-303 / parent rebuild).
w: file:///C:/Users/HP/Devin1/VidyaPrayag/server/src/main/kotlin/com/littlebridge/enrollplus/feature/school/StudentAggregationService.kt:263:39 'val studentId: Column<String>' is deprecated. T-301 / D-ASMT-3: identity moves to studentRef (FK students.id). This student_code text column is retained for the legacy /marks reader + ParentAcademicsRouting until they are repointed (T-303 / parent rebuild).
w: file:///C:/Users/HP/Devin1/VidyaPrayag/server/src/main/kotlin/com/littlebridge/enrollplus/feature/school/StudentAggregationService.kt:518:43 'val studentId: Column<String>' is deprecated. T-301 / D-ASMT-3: identity moves to studentRef (FK students.id). This student_code text column is retained for the legacy /marks reader + ParentAcademicsRouting until they are repointed (T-303 / parent rebuild).
w: file:///C:/Users/HP/Devin1/VidyaPrayag/server/src/main/kotlin/com/littlebridge/enrollplus/feature/teacher/TeacherGradebookRouting.kt:768:77 'val studentId: Column<String>' is deprecated. T-301 / D-ASMT-3: identity moves to studentRef (FK students.id). This student_code text column is retained for the legacy /marks reader + ParentAcademicsRouting until they are repointed (T-303 / parent rebuild).
w: file:///C:/Users/HP/Devin1/VidyaPrayag/server/src/main/kotlin/com/littlebridge/enrollplus/feature/teacher/TeacherGradebookRouting.kt:788:59 'val studentId: Column<String>' is deprecated. T-301 / D-ASMT-3: identity moves to studentRef (FK students.id). This student_code text column is retained for the legacy /marks reader + ParentAcademicsRouting until they are repointed (T-303 / parent rebuild).
w: file:///C:/Users/HP/Devin1/VidyaPrayag/server/src/main/kotlin/com/littlebridge/enrollplus/feature/teacher/TeacherGradebookRouting.kt:789:59 'val studentName: Column<String>' is deprecated. T-301 / X-4: name is joined from students for display, not stored as truth. Retained nullable until legacy readers stop selecting it.
w: file:///C:/Users/HP/Devin1/VidyaPrayag/server/src/main/kotlin/com/littlebridge/enrollplus/feature/teacher/TeacherGradebookRouting.kt:872:59 'val studentId: Column<String>' is deprecated. T-301 / D-ASMT-3: identity moves to studentRef (FK students.id). This student_code text column is retained for the legacy /marks reader + ParentAcademicsRouting until they are repointed (T-303 / parent rebuild).
w: file:///C:/Users/HP/Devin1/VidyaPrayag/server/src/main/kotlin/com/littlebridge/enrollplus/feature/teacher/TeacherGradebookRouting.kt:892:32 'val studentId: Column<String>' is deprecated. T-301 / D-ASMT-3: identity moves to studentRef (FK students.id). This student_code text column is retained for the legacy /marks reader + ParentAcademicsRouting until they are repointed (T-303 / parent rebuild).
w: file:///C:/Users/HP/Devin1/VidyaPrayag/server/src/main/kotlin/com/littlebridge/enrollplus/feature/teacher/TeacherGradebookRouting.kt:893:32 'val studentName: Column<String>' is deprecated. T-301 / X-4: name is joined from students for display, not stored as truth. Retained nullable until legacy readers stop selecting it.
w: file:///C:/Users/HP/Devin1/VidyaPrayag/server/src/main/kotlin/com/littlebridge/enrollplus/feature/teacher/TeacherMessagesRouting.kt:283:42 Condition is always 'true'.
w: file:///C:/Users/HP/Devin1/VidyaPrayag/server/src/main/kotlin/com/littlebridge/enrollplus/feature/tutor/sense/LearnerBundleBuilder.kt:235:43 'val studentId: Column<String>' is deprecated. T-301 / D-ASMT-3: identity moves to studentRef (FK students.id). This student_code text column is retained for the legacy /marks reader + ParentAcademicsRouting until they are repointed (T-303 / parent rebuild).
w: file:///C:/Users/HP/Devin1/VidyaPrayag/server/src/main/kotlin/com/littlebridge/enrollplus/feature/user/ParentMessagesRouting.kt:345:42 Condition is always 'true'.

> Task :server:compileJava NO-SOURCE
> Task :server:classes
> Task :server:jar
> Task :server:startScripts
> Task :server:installDist

[Incubating] Problems report is available at: file:///C:/Users/HP/Devin1/VidyaPrayag/build/reports/problems/problems-report.html

Deprecated Gradle features were used in this build, making it incompatible with Gradle 10.

You can use '--warning-mode all' to show the individual deprecation warnings and determine if they come from your own scripts or plugins.

For more on this, please refer to https://docs.gradle.org/9.4.1/userguide/command_line_interface.html#sec:command_line_warnings in the Gradle documentation.

BUILD SUCCESSFUL in 2m 1s
48 actionable tasks: 9 executed, 39 up-to-date
